 tsnodebindings

 Timestamp is 5b7ae581 (Mon Aug 20 19:00:01 2018)

 Preferred load address is 0000000180000000

 Start         Length     Name                   Class
 0001:00000000 0000b860H .text$mn                CODE
 0001:0000b860 00000020H .text$mn$00             CODE
 0001:0000b880 00000260H .text$x                 CODE
 0002:00000000 00000248H .idata$5                DATA
 0002:00000248 00000010H .00cfg                  DATA
 0002:00000258 00000008H .CRT$XCA                DATA
 0002:00000260 00000008H .CRT$XCU                DATA
 0002:00000268 00000008H .CRT$XCZ                DATA
 0002:00000270 00000008H .CRT$XIA                DATA
 0002:00000278 00000018H .CRT$XIC                DATA
 0002:00000290 00000008H .CRT$XIZ                DATA
 0002:00000298 00000008H .CRT$XPA                DATA
 0002:000002a0 00000010H .CRT$XPX                DATA
 0002:000002b0 00000008H .CRT$XPXA               DATA
 0002:000002b8 00000008H .CRT$XPZ                DATA
 0002:000002c0 00000008H .CRT$XTA                DATA
 0002:000002c8 00000008H .CRT$XTZ                DATA
 0002:000002d0 000072d0H .rdata                  DATA
 0002:000075a0 00000384H .rdata$r                DATA
 0002:00007924 000003d4H .rdata$zzzdbg           DATA
 0002:00007cf8 00000008H .rtc$IAA                DATA
 0002:00007d00 00000008H .rtc$IZZ                DATA
 0002:00007d08 00000008H .rtc$TAA                DATA
 0002:00007d10 00000008H .rtc$TZZ                DATA
 0002:00007d18 00000b80H .xdata                  DATA
 0002:00008898 000001e4H .xdata$x                DATA
 0002:00008a7c 00000020H .didat$2                DATA
 0002:00008a9c 00000024H .didat$3                DATA
 0002:00008ac0 00000090H .didat$4                DATA
 0002:00008b50 000001a8H .didat$6                DATA
 0002:00008cf8 00000098H .didat$7                DATA
 0002:00008d90 0000005cH .edata                  DATA
 0002:00008dec 00000014H .idata$2                DATA
 0002:00008e00 00000018H .idata$3                DATA
 0002:00008e18 00000248H .idata$4                DATA
 0002:00009060 0000054eH .idata$6                DATA
 0003:00000000 00000928H .data                   DATA
 0003:00000928 00000118H .data$r                 DATA
 0003:00000a40 00000090H .didat$5                DATA
 0003:00000ad0 000011f0H .bss                    DATA
 0004:00000000 00000eacH .pdata                  DATA
 0005:00000000 00000080H .gfids$x                DATA
 0005:00000080 00000048H .gfids$y                DATA
 0006:00000000 00000060H .rsrc$01                DATA
 0006:00000060 00000180H .rsrc$02                DATA

  Address         Publics by Value              Rva+Base               Lib:Object

 0000:00000000       __guard_iat_count          0000000000000000     <absolute>
 0000:00000000       __dynamic_value_reloc_table 0000000000000000     <absolute>
 0000:00000000       __guard_iat_table          0000000000000000     <absolute>
 0000:00000000       __guard_longjmp_table      0000000000000000     <absolute>
 0000:00000000       __guard_longjmp_count      0000000000000000     <absolute>
 0000:00000000       __guard_fids_count         0000000000000000     <absolute>
 0000:00000000       ___safe_se_handler_table   0000000000000000     <absolute>
 0000:00000000       ___safe_se_handler_count   0000000000000000     <absolute>
 0000:00000000       __guard_fids_table         0000000000000000     <absolute>
 0000:00000100       __guard_flags              0000000000000100     <absolute>
 0000:00000000       __ImageBase                0000000180000000     <linker-defined>
 0001:00000000       ?New@String@Napi@@SA?AV12@PEAUnapi_env__@@PEBD_K@Z 0000000180001000 f i voice.obj
 0001:000000a0       ?New@Error@Napi@@SA?AV12@PEAUnapi_env__@@@Z 00000001800010a0 f i voice.obj
 0001:00000270       ?ThrowAsJavaScriptException@Error@Napi@@QEBAXXZ 0000000180001270 f i voice.obj
 0001:000003d0       ??0CallbackInfo@Napi@@QEAA@PEAUnapi_env__@@PEAUnapi_callback_info__@@@Z 00000001800013d0 f i voice.obj
 0001:000004f0       ?HelloWrapped@voice@@YA?AVString@Napi@@AEBVCallbackInfo@3@@Z 00000001800014f0 f   voice.obj
 0001:000005d0       ??1?$basic_string@DU?$char_traits@D@std@@V?$allocator@D@2@@std@@QEAA@XZ 00000001800015d0 f i voice.obj
 0001:00000660       ?assign@?$basic_string@DU?$char_traits@D@std@@V?$allocator@D@2@@std@@QEAAAEAV12@PEBD_K@Z 0000000180001660 f i voice.obj
 0001:00000790       ?assign@?$basic_string@DU?$char_traits@D@std@@V?$allocator@D@2@@std@@QEAAAEAV12@AEBV12@_K1@Z 0000000180001790 f i voice.obj
 0001:00000910       ?_Copy@?$basic_string@DU?$char_traits@D@std@@V?$allocator@D@2@@std@@QEAAX_K0@Z 0000000180001910 f i voice.obj
 0001:00000a90       ??$New@P6A?AVString@Napi@@AEBVCallbackInfo@2@@Z@Function@Napi@@SA?AV01@PEAUnapi_env__@@P6A?AVString@1@AEBVCallbackInfo@1@@ZPEBDPEAX@Z 0000000180001a90 f i voice.obj
 0001:00000b90       ?Wrapper@?$CallbackData@P6A?AVString@Napi@@AEBVCallbackInfo@2@@ZV12@@details@Napi@@SAPEAUnapi_value__@@PEAUnapi_env__@@PEAUnapi_callback_info__@@@Z 0000000180001b90 f i voice.obj
 0001:00000bf0       ?InitAll@@YA?AVObject@Napi@@VEnv@2@V12@@Z 0000000180001bf0 f   main.obj
 0001:00000cc0       ?__napi_InitAll@@YAPEAUnapi_value__@@PEAUnapi_env__@@PEAU1@@Z 0000000180001cc0 f   main.obj
 0001:00000d6c       __imp_load_napi_create_function 0000000180001d6c f   node:node.exe
 0001:00000d78       __tailMerge_node_exe       0000000180001d78 f i node:node.exe
 0001:00000df1       __imp_load_napi_open_handle_scope 0000000180001df1 f   node:node.exe
 0001:00000dfd       __imp_load_napi_get_last_error_info 0000000180001dfd f   node:node.exe
 0001:00000e09       __imp_load_napi_create_error 0000000180001e09 f   node:node.exe
 0001:00000e15       __imp_load_napi_delete_reference 0000000180001e15 f   node:node.exe
 0001:00000e21       __imp_load_napi_fatal_error 0000000180001e21 f   node:node.exe
 0001:00000e2d       __imp_load_napi_is_exception_pending 0000000180001e2d f   node:node.exe
 0001:00000e39       __imp_load_napi_create_type_error 0000000180001e39 f   node:node.exe
 0001:00000e45       __imp_load_napi_create_string_utf8 0000000180001e45 f   node:node.exe
 0001:00000e51       __imp_load_napi_set_named_property 0000000180001e51 f   node:node.exe
 0001:00000e5d       __imp_load_napi_throw      0000000180001e5d f   node:node.exe
 0001:00000e69       __imp_load_napi_get_and_clear_last_exception 0000000180001e69 f   node:node.exe
 0001:00000e75       __imp_load_napi_get_cb_info 0000000180001e75 f   node:node.exe
 0001:00000e81       __imp_load_napi_create_reference 0000000180001e81 f   node:node.exe
 0001:00000e8d       __imp_load_napi_close_handle_scope 0000000180001e8d f   node:node.exe
 0001:00000e99       __imp_load_napi_get_reference_value 0000000180001e99 f   node:node.exe
 0001:00000ea5       __imp_load_napi_module_register 0000000180001ea5 f   node:node.exe
 0001:00000eb4       ??0bad_alloc@std@@QEAA@AEBV01@@Z 0000000180001eb4 f i libcpmt:xthrow.obj
 0001:00000ef4       ??0bad_alloc@std@@QEAA@XZ  0000000180001ef4 f i libcpmt:xthrow.obj
 0001:00000f14       ??0exception@std@@QEAA@AEBV01@@Z 0000000180001f14 f i libcpmt:xthrow.obj
 0001:00000f4c       ??0length_error@std@@QEAA@AEBV01@@Z 0000000180001f4c f i libcpmt:xthrow.obj
 0001:00000f8c       ??0length_error@std@@QEAA@PEBD@Z 0000000180001f8c f i libcpmt:xthrow.obj
 0001:00000fd8       ??0logic_error@std@@QEAA@AEBV01@@Z 0000000180001fd8 f i libcpmt:xthrow.obj
 0001:00001018       ??0out_of_range@std@@QEAA@AEBV01@@Z 0000000180002018 f i libcpmt:xthrow.obj
 0001:00001058       ??0out_of_range@std@@QEAA@PEBD@Z 0000000180002058 f i libcpmt:xthrow.obj
 0001:000010a4       ?__scrt_throw_std_bad_alloc@@YAXXZ 00000001800020a4 f   LIBCMT:throw_bad_alloc.obj
 0001:000010a4       ?_Xbad_alloc@std@@YAXXZ    00000001800020a4 f   libcpmt:xthrow.obj
 0001:000010c4       ?_Xlength_error@std@@YAXPEBD@Z 00000001800020c4 f   libcpmt:xthrow.obj
 0001:000010e8       ?_Xout_of_range@std@@YAXPEBD@Z 00000001800020e8 f   libcpmt:xthrow.obj
 0001:0000110c       ?what@exception@std@@UEBAPEBDXZ 000000018000210c f i libcpmt:xthrow.obj
 0001:00001130       __security_check_cookie    0000000180002130 f   LIBCMT:_amdsecgs_.obj
 0001:00001154       ??2@YAPEAX_K@Z             0000000180002154 f   LIBCMT:new_scalar.obj
 0001:00001190       ??3@YAXPEAX@Z              0000000180002190 f   LIBCMT:delete_scalar.obj
 0001:00001198       ??_U@YAPEAX_K@Z            0000000180002198 f   LIBCMT:new_array.obj
 0001:000014ec       _DllMainCRTStartup         00000001800024ec f   LIBCMT:dll_dllmain.obj
 0001:0000152c       ??3@YAXPEAX_K@Z            000000018000252c f   LIBCMT:delete_scalar_size.obj
 0001:0000152c       ??_V@YAXPEAX@Z             000000018000252c f   LIBCMT:delete_array.obj
 0001:00001534       ??_Gtype_info@@UEAAPEAXI@Z 0000000180002534 f i LIBCMT:std_type_info_static.obj
 0001:00001534       ??_Etype_info@@UEAAPEAXI@Z 0000000180002534 f i LIBCMT:std_type_info_static.obj
 0001:00001560       __raise_securityfailure    0000000180002560 f   LIBCMT:gs_report.obj
 0001:00001594       __report_gsfailure         0000000180002594 f   LIBCMT:gs_report.obj
 0001:00001668       __report_rangecheckfailure 0000000180002668 f   LIBCMT:gs_report.obj
 0001:0000167c       __report_securityfailure   000000018000267c f   LIBCMT:gs_report.obj
 0001:000017fc       ??0bad_array_new_length@std@@QEAA@AEBV01@@Z 00000001800027fc f i LIBCMT:throw_bad_alloc.obj
 0001:0000183c       ??0bad_array_new_length@std@@QEAA@XZ 000000018000283c f i LIBCMT:throw_bad_alloc.obj
 0001:0000185c       ??1bad_array_new_length@std@@UEAA@XZ 000000018000285c f i LIBCMT:throw_bad_alloc.obj
 0001:0000185c       ??1length_error@std@@UEAA@XZ 000000018000285c f i libcpmt:xthrow.obj
 0001:0000185c       ??1out_of_range@std@@UEAA@XZ 000000018000285c f i libcpmt:xthrow.obj
 0001:0000185c       ??1bad_alloc@std@@UEAA@XZ  000000018000285c f i libcpmt:xthrow.obj
 0001:00001870       ??_Gbad_array_new_length@std@@UEAAPEAXI@Z 0000000180002870 f i LIBCMT:throw_bad_alloc.obj
 0001:00001870       ??_Glogic_error@std@@UEAAPEAXI@Z 0000000180002870 f i libcpmt:xthrow.obj
 0001:00001870       ??_Elength_error@std@@UEAAPEAXI@Z 0000000180002870 f i libcpmt:xthrow.obj
 0001:00001870       ??_Gbad_alloc@std@@UEAAPEAXI@Z 0000000180002870 f i libcpmt:xthrow.obj
 0001:00001870       ??_Gexception@std@@UEAAPEAXI@Z 0000000180002870 f i libcpmt:xthrow.obj
 0001:00001870       ??_Ebad_array_new_length@std@@UEAAPEAXI@Z 0000000180002870 f i LIBCMT:throw_bad_alloc.obj
 0001:00001870       ??_Eout_of_range@std@@UEAAPEAXI@Z 0000000180002870 f i libcpmt:xthrow.obj
 0001:00001870       ??_Ebad_alloc@std@@UEAAPEAXI@Z 0000000180002870 f i libcpmt:xthrow.obj
 0001:00001870       ??_Glength_error@std@@UEAAPEAXI@Z 0000000180002870 f i libcpmt:xthrow.obj
 0001:00001870       ??_Eexception@std@@UEAAPEAXI@Z 0000000180002870 f i libcpmt:xthrow.obj
 0001:00001870       ??_Gout_of_range@std@@UEAAPEAXI@Z 0000000180002870 f i libcpmt:xthrow.obj
 0001:00001870       ??_Elogic_error@std@@UEAAPEAXI@Z 0000000180002870 f i libcpmt:xthrow.obj
 0001:000018b4       ?__scrt_throw_std_bad_array_new_length@@YAXXZ 00000001800028b4 f   LIBCMT:throw_bad_alloc.obj
 0001:000018d4       __scrt_acquire_startup_lock 00000001800028d4 f   LIBCMT:utility.obj
 0001:00001910       __scrt_dllmain_after_initialize_c 0000000180002910 f   LIBCMT:utility.obj
 0001:00001944       __scrt_dllmain_before_initialize_c 0000000180002944 f   LIBCMT:utility.obj
 0001:0000195c       __scrt_dllmain_crt_thread_attach 000000018000295c f   LIBCMT:utility.obj
 0001:00001984       __scrt_dllmain_crt_thread_detach 0000000180002984 f   LIBCMT:utility.obj
 0001:0000199c       __scrt_dllmain_exception_filter 000000018000299c f   LIBCMT:utility.obj
 0001:00001a00       __scrt_dllmain_uninitialize_c 0000000180002a00 f   LIBCMT:utility.obj
 0001:00001a30       __scrt_dllmain_uninitialize_critical 0000000180002a30 f   LIBCMT:utility.obj
 0001:00001a44       __scrt_initialize_crt      0000000180002a44 f   LIBCMT:utility.obj
 0001:00001a90       __scrt_initialize_onexit_tables 0000000180002a90 f   LIBCMT:utility.obj
 0001:00001b5c       __scrt_is_nonwritable_in_current_image 0000000180002b5c f   LIBCMT:utility.obj
 0001:00001bf8       __scrt_release_startup_lock 0000000180002bf8 f   LIBCMT:utility.obj
 0001:00001c1c       __scrt_uninitialize_crt    0000000180002c1c f   LIBCMT:utility.obj
 0001:00001c48       _onexit                    0000000180002c48 f   LIBCMT:utility.obj
 0001:00001c98       atexit                     0000000180002c98 f   LIBCMT:utility.obj
 0001:00001cb0       __security_init_cookie     0000000180002cb0 f   LIBCMT:gs_support.obj
 0001:00001d5c       ?__scrt_initialize_type_info@@YAXXZ 0000000180002d5c f   LIBCMT:tncleanup.obj
 0001:00001d6c       ?__scrt_uninitialize_type_info@@YAXXZ 0000000180002d6c f   LIBCMT:tncleanup.obj
 0001:00001d78       __local_stdio_printf_options 0000000180002d78 f i LIBCMT:default_local_stdio_options.obj
 0001:00001d80       __local_stdio_scanf_options 0000000180002d80 f i LIBCMT:default_local_stdio_options.obj
 0001:00001d88       __scrt_initialize_default_local_stdio_options 0000000180002d88 f   LIBCMT:default_local_stdio_options.obj
 0001:00001da4       __scrt_get_dyn_tls_init_callback 0000000180002da4 f   LIBCMT:dyn_tls_init.obj
 0001:00001dac       __crt_debugger_hook        0000000180002dac f   LIBCMT:utility_desktop.obj
 0001:00001db4       __scrt_fastfail            0000000180002db4 f   LIBCMT:utility_desktop.obj
 0001:00001efc       _RTC_Initialize            0000000180002efc f   LIBCMT:_initsect_.obj
 0001:00001f48       _RTC_Terminate             0000000180002f48 f   LIBCMT:_initsect_.obj
 0001:00001f94       _guard_check_icall         0000000180002f94 f i LIBCMT:checkcfg.obj
 0001:00001f9c       __isa_available_init       0000000180002f9c f   LIBCMT:_cpu_disp_.obj
 0001:00002164       DllMain                    0000000180003164 f   LIBCMT:dll_dllmain_stub.obj
 0001:00002164       _get_startup_argv_mode     0000000180003164 f   LIBCMT:argv_mode.obj
 0001:0000216c       __scrt_is_ucrt_dll_in_use  000000018000316c f   LIBCMT:ucrt_detection.obj
 0001:00002190       memmove                    0000000180003190 f   libvcruntime:memcpy.obj
 0001:00002190       memcpy                     0000000180003190 f   libvcruntime:memcpy.obj
 0001:000025c8       __std_exception_copy       00000001800035c8 f   libvcruntime:std_exception.obj
 0001:00002658       __std_exception_destroy    0000000180003658 f   libvcruntime:std_exception.obj
 0001:00002680       _CxxThrowException         0000000180003680 f   libvcruntime:throw.obj
 0001:00002758       __C_specific_handler       0000000180003758 f   libvcruntime:_chandler_.obj
 0001:00002954       __vcrt_initialize          0000000180003954 f   libvcruntime:initialization.obj
 0001:00002988       __vcrt_thread_attach       0000000180003988 f   libvcruntime:initialization.obj
 0001:0000299c       __vcrt_thread_detach       000000018000399c f   libvcruntime:initialization.obj
 0001:000029b0       __vcrt_uninitialize        00000001800039b0 f   libvcruntime:initialization.obj
 0001:000029d0       __vcrt_uninitialize_critical 00000001800039d0 f   libvcruntime:initialization.obj
 0001:000029e0       __std_type_info_destroy_list 00000001800039e0 f   libvcruntime:std_type_info.obj
 0001:00002a20       memset                     0000000180003a20 f   libvcruntime:memset.obj
 0001:00002bd0       _local_unwind              0000000180003bd0 f   libvcruntime:_jmpuwind_.obj
 0001:00002c00       _NLG_Notify                0000000180003c00 f   libvcruntime:_jmpuwind_.obj
 0001:00002c20       __NLG_Dispatch2            0000000180003c20 f   libvcruntime:_jmpuwind_.obj
 0001:00002c30       __NLG_Return2              0000000180003c30 f   libvcruntime:_jmpuwind_.obj
 0001:00002c34       _guard_check_icall_nop     0000000180003c34 f   LIBCMT:guard_support.obj
 0001:00002c34       __except_validate_context_record 0000000180003c34 f   libvcruntime:jbcxrval.obj
 0001:00002c38       __vcrt_freefls             0000000180003c38 f   libvcruntime:per_thread_data.obj
 0001:00002c58       __vcrt_freeptd             0000000180003c58 f   libvcruntime:per_thread_data.obj
 0001:00002ca8       __vcrt_getptd_noexit       0000000180003ca8 f   libvcruntime:per_thread_data.obj
 0001:00002d60       __vcrt_initialize_ptd      0000000180003d60 f   libvcruntime:per_thread_data.obj
 0001:00002da0       __vcrt_uninitialize_ptd    0000000180003da0 f   libvcruntime:per_thread_data.obj
 0001:00002dc4       __vcrt_initialize_locks    0000000180003dc4 f   libvcruntime:locks.obj
 0001:00002e0c       __vcrt_uninitialize_locks  0000000180003e0c f   libvcruntime:locks.obj
 0001:0000300c       __vcrt_FlsAlloc            000000018000400c f   libvcruntime:winapi_downlevel.obj
 0001:00003060       __vcrt_FlsFree             0000000180004060 f   libvcruntime:winapi_downlevel.obj
 0001:000030b4       __vcrt_FlsGetValue         00000001800040b4 f   libvcruntime:winapi_downlevel.obj
 0001:00003108       __vcrt_FlsSetValue         0000000180004108 f   libvcruntime:winapi_downlevel.obj
 0001:00003170       __vcrt_InitializeCriticalSectionEx 0000000180004170 f   libvcruntime:winapi_downlevel.obj
 0001:000031e8       __vcrt_initialize_winapi_thunks 00000001800041e8 f   libvcruntime:winapi_downlevel.obj
 0001:00003234       __vcrt_uninitialize_winapi_thunks 0000000180004234 f   libvcruntime:winapi_downlevel.obj
 0001:00003274       __vcrt_initialize_pure_virtual_call_handler 0000000180004274 f   libvcruntime:purevirt_data.obj
 0001:00003298       __acrt_call_reportfault    0000000180004298 f   libucrt:invalid_parameter.obj
 0001:000033f4       __acrt_initialize_invalid_parameter_handler 00000001800043f4 f   libucrt:invalid_parameter.obj
 0001:000033fc       _invalid_parameter         00000001800043fc f   libucrt:invalid_parameter.obj
 0001:000034a4       _invalid_parameter_noinfo  00000001800044a4 f   libucrt:invalid_parameter.obj
 0001:000034c4       _invalid_parameter_noinfo_noreturn 00000001800044c4 f   libucrt:invalid_parameter.obj
 0001:000034f4       _invoke_watson             00000001800044f4 f   libucrt:invalid_parameter.obj
 0001:0000353c       ??0_LocaleUpdate@@QEAA@QEAU__crt_locale_pointers@@@Z 000000018000453c f i libucrt:stricmp.obj
 0001:000035cc       __ascii_stricmp            00000001800045cc f   libucrt:stricmp.obj
 0001:00003608       _stricmp                   0000000180004608 f   libucrt:stricmp.obj
 0001:00003650       _stricmp_l                 0000000180004650 f   libucrt:stricmp.obj
 0001:00003704       __acrt_initialize_new_handler 0000000180004704 f   libucrt:new_handler.obj
 0001:0000370c       _callnewh                  000000018000470c f   libucrt:new_handler.obj
 0001:0000374c       _query_new_handler         000000018000474c f   libucrt:new_handler.obj
 0001:00003780       malloc                     0000000180004780 f   libucrt:malloc.obj
 0001:00003788       free                       0000000180004788 f   libucrt:free.obj
 0001:00003790       _initterm                  0000000180004790 f   libucrt:initterm.obj
 0001:00003808       _initterm_e                0000000180004808 f   libucrt:initterm.obj
 0001:00003854       _seh_filter_dll            0000000180004854 f   libucrt:exception_filter.obj
 0001:00003868       _seh_filter_exe            0000000180004868 f   libucrt:exception_filter.obj
 0001:00003c28       __acrt_initialize_thread_local_exit_callback 0000000180004c28 f   libucrt:exit.obj
 0001:00003c30       _cexit                     0000000180004c30 f   libucrt:exit.obj
 0001:00003c40       _exit                      0000000180004c40 f   libucrt:exit.obj
 0001:00003c4c       _is_c_termination_complete 0000000180004c4c f   libucrt:exit.obj
 0001:00003e10       __acrt_allocate_buffer_for_argv 0000000180004e10 f   libucrt:argv_parsing.obj
 0001:00003e74       _configure_narrow_argv     0000000180004e74 f   libucrt:argv_parsing.obj
 0001:000041d0       __dcrt_uninitialize_environments_nolock 00000001800051d0 f   libucrt:environment_initialization.obj
 0001:00004208       _initialize_narrow_environment 0000000180005208 f   libucrt:environment_initialization.obj
 0001:00004210       ??$?RV<lambda_b8c45f8f788dd370798f47cfe8ac3a86>@@AEAV<lambda_4e60a939b0d047cfe11ddc22648dfba9>@@V<lambda_332c3edc96d0294ec56c57d38c1cdfd5>@@@?$__crt_seh_guarded_call@H@@QEAAH$$QEAV<lambda_b8c45f8f788dd370798f47cfe8ac3a86>@@AEAV<lambda_4e60a939b0d047cfe11ddc22648dfba9>@@$$QEAV<lambda_332c3edc96d0294ec56c57d38c1cdfd5>@@@Z 0000000180005210 f i libucrt:onexit.obj
 0001:0000424c       ??$?RV<lambda_e24bbb7b643b32fcea6fa61b31d4c984>@@AEAV<lambda_275893d493268fdec8709772e3fcec0e>@@V<lambda_9d71df4d7cf3f480f8d633942495c3b0>@@@?$__crt_seh_guarded_call@H@@QEAAH$$QEAV<lambda_e24bbb7b643b32fcea6fa61b31d4c984>@@AEAV<lambda_275893d493268fdec8709772e3fcec0e>@@$$QEAV<lambda_9d71df4d7cf3f480f8d633942495c3b0>@@@Z 000000018000524c f i libucrt:onexit.obj
 0001:000045c8       _crt_atexit                00000001800055c8 f   libucrt:onexit.obj
 0001:000045d8       _execute_onexit_table      00000001800055d8 f   libucrt:onexit.obj
 0001:00004614       _initialize_onexit_table   0000000180005614 f   libucrt:onexit.obj
 0001:00004654       _register_onexit_function  0000000180005654 f   libucrt:onexit.obj
 0001:000046d4       __acrt_uninitialize_command_line 00000001800056d4 f   libucrt:argv_data.obj
 0001:000047d4       __acrt_initialize          00000001800057d4 f   libucrt:initialization.obj
 0001:000047e8       __acrt_thread_attach       00000001800057e8 f   libucrt:initialization.obj
 0001:000047fc       __acrt_thread_detach       00000001800057fc f   libucrt:initialization.obj
 0001:0000480c       __acrt_uninitialize        000000018000580c f   libucrt:initialization.obj
 0001:00004820       __acrt_uninitialize_critical 0000000180005820 f   libucrt:initialization.obj
 0001:00004830       terminate                  0000000180005830 f   libucrt:terminate.obj
 0001:00004858       strcpy_s                   0000000180005858 f   libucrt:strcpy_s.obj
 0001:000048b8       _free_base                 00000001800058b8 f   libucrt:free_base.obj
 0001:000048f8       _malloc_base               00000001800058f8 f   libucrt:malloc_base.obj
 0001:00004958       abort                      0000000180005958 f   libucrt:abort.obj
 0001:000049b0       _calloc_base               00000001800059b0 f   libucrt:calloc_base.obj
 0001:00004a28       ??$?RV<lambda_46352004c1216016012b18bd6f87e700>@@AEAV<lambda_3bd07e1a1191394380780325891bf33f>@@V<lambda_334532d3f185bcaa59b5be82d7d22bff>@@@?$__crt_seh_guarded_call@X@@QEAAX$$QEAV<lambda_46352004c1216016012b18bd6f87e700>@@AEAV<lambda_3bd07e1a1191394380780325891bf33f>@@$$QEAV<lambda_334532d3f185bcaa59b5be82d7d22bff>@@@Z 0000000180005a28 f i libucrt:per_thread_data.obj
 0001:00004a88       ??$?RV<lambda_5e887d1dcbef67a5eb4283622ba103bf>@@AEAV<lambda_4466841279450cc726390878d4a41900>@@V<lambda_341c25c0346d94847f1f3c463c57e077>@@@?$__crt_seh_guarded_call@X@@QEAAX$$QEAV<lambda_5e887d1dcbef67a5eb4283622ba103bf>@@AEAV<lambda_4466841279450cc726390878d4a41900>@@$$QEAV<lambda_341c25c0346d94847f1f3c463c57e077>@@@Z 0000000180005a88 f i libucrt:per_thread_data.obj
 0001:00004ad0       ??$?RV<lambda_72d1df2b273a38828b1ce30cbf4cdab5>@@AEAV<lambda_876a65b173b8412d3a47c70a915b0cf4>@@V<lambda_41932305e351933ebe8f8be3ed8bb5dc>@@@?$__crt_seh_guarded_call@X@@QEAAX$$QEAV<lambda_72d1df2b273a38828b1ce30cbf4cdab5>@@AEAV<lambda_876a65b173b8412d3a47c70a915b0cf4>@@$$QEAV<lambda_41932305e351933ebe8f8be3ed8bb5dc>@@@Z 0000000180005ad0 f i libucrt:per_thread_data.obj
 0001:00004b10       ??$?RV<lambda_fb3a7dec4e47f37f22dae91bb15c9095>@@AEAV<lambda_698284760c8add0bfb0756c19673e34b>@@V<lambda_dfb8eca1e75fef3034a8fb18dd509707>@@@?$__crt_seh_guarded_call@X@@QEAAX$$QEAV<lambda_fb3a7dec4e47f37f22dae91bb15c9095>@@AEAV<lambda_698284760c8add0bfb0756c19673e34b>@@$$QEAV<lambda_dfb8eca1e75fef3034a8fb18dd509707>@@@Z 0000000180005b10 f i libucrt:per_thread_data.obj
 0001:00004da0       __acrt_freeptd             0000000180005da0 f   libucrt:per_thread_data.obj
 0001:00004de4       __acrt_getptd              0000000180005de4 f   libucrt:per_thread_data.obj
 0001:00004e78       __acrt_getptd_noexit       0000000180005e78 f   libucrt:per_thread_data.obj
 0001:00004f18       __acrt_initialize_ptd      0000000180005f18 f   libucrt:per_thread_data.obj
 0001:00004f54       __acrt_uninitialize_ptd    0000000180005f54 f   libucrt:per_thread_data.obj
 0001:00004f78       __acrt_errno_from_os_error 0000000180005f78 f   libucrt:errno.obj
 0001:00004fc0       __acrt_errno_map_os_error  0000000180005fc0 f   libucrt:errno.obj
 0001:00005010       __doserrno                 0000000180006010 f   libucrt:errno.obj
 0001:00005030       _errno                     0000000180006030 f   libucrt:errno.obj
 0001:000050a0       _tolower_l                 00000001800060a0 f   libucrt:tolower_toupper.obj
 0001:000051e0       __acrt_update_locale_info  00000001800061e0 f   libucrt:locale_update.obj
 0001:00005214       __acrt_update_multibyte_info 0000000180006214 f   libucrt:locale_update.obj
 0001:00005248       __acrt_set_locale_changed  0000000180006248 f   libucrt:wsetlocale.obj
 0001:00005254       __acrt_uninitialize_locale 0000000180006254 f   libucrt:wsetlocale.obj
 0001:0000529c       __acrt_initialize_locks    000000018000629c f   libucrt:locks.obj
 0001:000052e4       __acrt_lock                00000001800062e4 f   libucrt:locks.obj
 0001:00005300       __acrt_uninitialize_locks  0000000180006300 f   libucrt:locks.obj
 0001:00005338       __acrt_unlock              0000000180006338 f   libucrt:locks.obj
 0001:000054f4       __acrt_FlsAlloc            00000001800064f4 f   libucrt:winapi_thunks.obj
 0001:0000554c       __acrt_FlsFree             000000018000654c f   libucrt:winapi_thunks.obj
 0001:000055a4       __acrt_FlsGetValue         00000001800065a4 f   libucrt:winapi_thunks.obj
 0001:000055fc       __acrt_FlsSetValue         00000001800065fc f   libucrt:winapi_thunks.obj
 0001:00005664       __acrt_InitializeCriticalSectionEx 0000000180006664 f   libucrt:winapi_thunks.obj
 0001:000056dc       __acrt_LCMapStringEx       00000001800066dc f   libucrt:winapi_thunks.obj
 0001:000057cc       __acrt_LocaleNameToLCID    00000001800067cc f   libucrt:winapi_thunks.obj
 0001:00005834       __acrt_initialize_winapi_thunks 0000000180006834 f   libucrt:winapi_thunks.obj
 0001:0000586c       __acrt_is_packaged_app     000000018000686c f   libucrt:winapi_thunks.obj
 0001:000058f4       __acrt_uninitialize_winapi_thunks 00000001800068f4 f   libucrt:winapi_thunks.obj
 0001:00005e14       ?expand_if_necessary@?$argument_list@D@?A0xca0879c4@@AEAAHXZ 0000000180006e14 f i libucrt:argv_wildcards.obj
 0001:00005edc       __acrt_expand_narrow_argv_wildcards 0000000180006edc f   libucrt:argv_wildcards.obj
 0001:00005ee4       ??$?RV<lambda_99476a1ad63dd22509b5d3e65b0ffc95>@@AEAV<lambda_ad1ced32f4ac17aa236e5ef05d6b3b7c>@@V<lambda_f7424dd8d45958661754dc4f2697e9c3>@@@?$__crt_seh_guarded_call@X@@QEAAX$$QEAV<lambda_99476a1ad63dd22509b5d3e65b0ffc95>@@AEAV<lambda_ad1ced32f4ac17aa236e5ef05d6b3b7c>@@$$QEAV<lambda_f7424dd8d45958661754dc4f2697e9c3>@@@Z 0000000180006ee4 f i libucrt:mbctype.obj
 0001:000065e0       __acrt_initialize_multibyte 00000001800075e0 f   libucrt:mbctype.obj
 0001:00006608       __acrt_update_thread_multibyte_data 0000000180007608 f   libucrt:mbctype.obj
 0001:000066c8       _setmbcp_nolock            00000001800076c8 f   libucrt:mbctype.obj
 0001:000069e8       _ismbblead                 00000001800079e8 f   libucrt:ismbbyte.obj
 0001:000069fc       __acrt_initialize_command_line 00000001800079fc f   libucrt:argv_data.obj
 0001:00006a24       __dcrt_get_narrow_environment_from_os 0000000180007a24 f   libucrt:get_environment_from_os.obj
 0001:00006b28       _recalloc                  0000000180007b28 f   libucrt:recalloc.obj
 0001:00006b30       _recalloc_base             0000000180007b30 f   libucrt:recalloc.obj
 0001:00006bc8       __acrt_initialize_heap     0000000180007bc8 f   libucrt:heap_handle.obj
 0001:00006be4       __acrt_uninitialize_heap   0000000180007be4 f   libucrt:heap_handle.obj
 0001:00006dd8       __acrt_initialize_lowio    0000000180007dd8 f   libucrt:ioinit.obj
 0001:00006e14       __acrt_uninitialize_lowio  0000000180007e14 f   libucrt:ioinit.obj
 0001:00006e54       __acrt_execute_initializers 0000000180007e54 f   libucrt:shared_initialization.obj
 0001:00006ee8       __acrt_execute_uninitializers 0000000180007ee8 f   libucrt:shared_initialization.obj
 0001:00006f38       ??$?RV<lambda_c36588078e9f5dfd39652860aa6b3aaf>@@AEAV<lambda_ec61778202f4f5fc7e7711acc23c3bca>@@V<lambda_dc9d2797ccde5d239b4a0efae8ebd7db>@@@?$__crt_seh_guarded_call@P6AXH@Z@@QEAAP6AXH@Z$$QEAV<lambda_c36588078e9f5dfd39652860aa6b3aaf>@@AEAV<lambda_ec61778202f4f5fc7e7711acc23c3bca>@@$$QEAV<lambda_dc9d2797ccde5d239b4a0efae8ebd7db>@@@Z 0000000180007f38 f i libucrt:signal.obj
 0001:00006f80       __acrt_get_sigabrt_handler 0000000180007f80 f   libucrt:signal.obj
 0001:00006fb0       __acrt_initialize_signal_handlers 0000000180007fb0 f   libucrt:signal.obj
 0001:00006fd0       raise                      0000000180007fd0 f   libucrt:signal.obj
 0001:0000726c       __acrt_has_user_matherr    000000018000826c f   libucrt:matherr.obj
 0001:0000728c       __acrt_initialize_user_matherr 000000018000828c f   libucrt:matherr.obj
 0001:00007294       __acrt_invoke_user_matherr 0000000180008294 f   libucrt:matherr.obj
 0001:000072dc       _query_new_mode            00000001800082dc f   libucrt:new_mode.obj
 0001:000072e4       _mbtowc_l                  00000001800082e4 f   libucrt:mbtowc.obj
 0001:0000742c       mbtowc                     000000018000842c f   libucrt:mbtowc.obj
 0001:00007434       _fileno                    0000000180008434 f   libucrt:fileno.obj
 0001:0000745c       __acrt_initialize_stdio    000000018000845c f   libucrt:_file.obj
 0001:0000757c       __acrt_uninitialize_stdio  000000018000857c f   libucrt:_file.obj
 0001:000075d8       _lock_file                 00000001800085d8 f   libucrt:_file.obj
 0001:000075e4       _unlock_file               00000001800085e4 f   libucrt:_file.obj
 0001:000075f0       __pctype_func              00000001800085f0 f   libucrt:ctype.obj
 0001:00007620       _isctype_l                 0000000180008620 f   libucrt:isctype.obj
 0001:00007730       __acrt_add_locale_ref      0000000180008730 f   libucrt:locale_refcounting.obj
 0001:000077bc       __acrt_free_locale         00000001800087bc f   libucrt:locale_refcounting.obj
 0001:00007934       __acrt_locale_add_lc_time_reference 0000000180008934 f   libucrt:locale_refcounting.obj
 0001:0000795c       __acrt_locale_free_lc_time_if_unreferenced 000000018000895c f   libucrt:locale_refcounting.obj
 0001:00007994       __acrt_locale_release_lc_time_reference 0000000180008994 f   libucrt:locale_refcounting.obj
 0001:000079bc       __acrt_release_locale_ref  00000001800089bc f   libucrt:locale_refcounting.obj
 0001:00007a64       __acrt_update_thread_locale_data 0000000180008a64 f   libucrt:locale_refcounting.obj
 0001:00007ad4       _updatetlocinfoEx_nolock   0000000180008ad4 f   libucrt:locale_refcounting.obj
 0001:00007b3c       _isleadbyte_l              0000000180008b3c f i libucrt:_wctype.obj
 0001:00007ed8       __acrt_LCMapStringA        0000000180008ed8 f   libucrt:lcmapstringa.obj
 0001:00007f70       __acrt_locale_free_monetary 0000000180008f70 f   libucrt:initmon.obj
 0001:0000807c       __acrt_locale_free_numeric 000000018000907c f   libucrt:initnum.obj
 0001:00008140       __acrt_locale_free_time    0000000180009140 f   libucrt:inittime.obj
 0001:00008248       __acrt_GetStringTypeA      0000000180009248 f   libucrt:getstringtypea.obj
 0001:000084c4       __acrt_DownlevelLocaleNameToLCID 00000001800094c4 f   libucrt:lcidtoname_downlevel.obj
 0001:000085d0       qsort                      00000001800095d0 f   libucrt:qsort.obj
 0001:00008904       strncpy_s                  0000000180009904 f   libucrt:strncpy_s.obj
 0001:000089d8       strpbrk                    00000001800099d8 f   libucrt:strpbrk.obj
 0001:00008a78       _mbsdec                    0000000180009a78 f   libucrt:mbsdec.obj
 0001:00008a80       _mbsdec_l                  0000000180009a80 f   libucrt:mbsdec.obj
 0001:00008b30       _msize                     0000000180009b30 f   libucrt:msize.obj
 0001:00008b6c       _realloc_base              0000000180009b6c f   libucrt:realloc_base.obj
 0001:00008bf0       __acrt_lowio_create_handle_array 0000000180009bf0 f   libucrt:osfinfo.obj
 0001:00008c88       __acrt_lowio_destroy_handle_array 0000000180009c88 f   libucrt:osfinfo.obj
 0001:00008cd8       __acrt_lowio_ensure_fh_exists 0000000180009cd8 f   libucrt:osfinfo.obj
 0001:00008d90       __acrt_lowio_lock_fh       0000000180009d90 f   libucrt:osfinfo.obj
 0001:00008db4       __acrt_lowio_unlock_fh     0000000180009db4 f   libucrt:osfinfo.obj
 0001:00008dd8       _free_osfhnd               0000000180009dd8 f   libucrt:osfinfo.obj
 0001:00008e94       _get_osfhandle             0000000180009e94 f   libucrt:osfinfo.obj
 0001:00008f0c       _isatty                    0000000180009f0c f   libucrt:isatty.obj
 0001:00008f6c       __acrt_stdio_flush_nolock  0000000180009f6c f   libucrt:fflush.obj
 0001:00008fe4       _fflush_nolock             0000000180009fe4 f   libucrt:fflush.obj
 0001:00009030       _flushall                  000000018000a030 f   libucrt:fflush.obj
 0001:00009120       _fcloseall                 000000018000a120 f   libucrt:closeall.obj
 0001:000091d4       __acrt_stdio_free_buffer_nolock 000000018000a1d4 f   libucrt:_freebuf.obj
 0001:00009214       __strncnt                  000000018000a214 f   libucrt:strncnt.obj
 0001:0000922c       _query_app_type            000000018000a22c f   libucrt:report_runtime_error.obj
 0001:00009234       ??$?RV<lambda_b521505b218e5242e90febf6bfebc422>@@AEAV<lambda_6978c1fb23f02e42e1d9e99668cc68aa>@@V<lambda_314360699dd331753a4119843814e9a7>@@@?$__crt_seh_guarded_call@H@@QEAAH$$QEAV<lambda_b521505b218e5242e90febf6bfebc422>@@AEAV<lambda_6978c1fb23f02e42e1d9e99668cc68aa>@@$$QEAV<lambda_314360699dd331753a4119843814e9a7>@@@Z 000000018000a234 f i libucrt:commit.obj
 0001:000092c0       _commit                    000000018000a2c0 f   libucrt:commit.obj
 0001:000098f4       _write                     000000018000a8f4 f   libucrt:write.obj
 0001:000099e0       _write_nolock              000000018000a9e0 f   libucrt:write.obj
 0001:00009cd0       log10                      000000018000acd0 f   libucrt:log10.obj
 0001:0000a318       _lseeki64_nolock           000000018000b318 f   libucrt:lseek.obj
 0001:0000a320       _fclose_nolock             000000018000b320 f   libucrt:fclose.obj
 0001:0000a3a4       fclose                     000000018000b3a4 f   libucrt:fclose.obj
 0001:0000a410       _putwch_nolock             000000018000b410 f   libucrt:putwch.obj
 0001:0000a590       _handle_error              000000018000b590 f   libucrt:libm_error.obj
 0001:0000a6c0       __acrt_initialize_fma3     000000018000b6c0 f   libucrt:fma3_available.obj
 0001:0000a730       _log10_special             000000018000b730 f   libucrt:log_special.obj
 0001:0000a7e8       ??$?RV<lambda_bfedae4ebbf01fab1bb6dcc6a9e276e0>@@AEAV<lambda_2fe9b910cf3cbf4a0ab98a02ba45b3ec>@@V<lambda_237c231691f317818eb88cc1d5d642d6>@@@?$__crt_seh_guarded_call@H@@QEAAH$$QEAV<lambda_bfedae4ebbf01fab1bb6dcc6a9e276e0>@@AEAV<lambda_2fe9b910cf3cbf4a0ab98a02ba45b3ec>@@$$QEAV<lambda_237c231691f317818eb88cc1d5d642d6>@@@Z 000000018000b7e8 f i libucrt:close.obj
 0001:0000a85c       _close                     000000018000b85c f   libucrt:close.obj
 0001:0000a900       _close_nolock              000000018000b900 f   libucrt:close.obj
 0001:0000a9bc       ?__acrt_stdio_free_stream@@YAXV__crt_stdio_stream@@@Z 000000018000b9bc f   libucrt:stream.obj
 0001:0000aa00       __dcrt_lowio_initialize_console_output 000000018000ba00 f   libucrt:initcon.obj
 0001:0000aa3c       __dcrt_terminate_console_output 000000018000ba3c f   libucrt:initcon.obj
 0001:0000aa70       _get_fpsr                  000000018000ba70 f   libucrt:fpsr.obj
 0001:0000aa80       _set_fpsr                  000000018000ba80 f   libucrt:fpsr.obj
 0001:0000aa8a       _fclrf                     000000018000ba8a f   libucrt:fpsr.obj
 0001:0000aa9e       _frnd                      000000018000ba9e f   libucrt:fpsr.obj
 0001:0000aac0       _raise_exc                 000000018000bac0 f   libucrt:fpexcept.obj
 0001:0000aae8       _raise_exc_ex              000000018000bae8 f   libucrt:fpexcept.obj
 0001:0000adf0       _set_errno_from_matherr    000000018000bdf0 f   libucrt:fpexcept.obj
 0001:0000ae20       _clrfp                     000000018000be20 f   libucrt:fpctrl.obj
 0001:0000ae40       _ctrlfp                    000000018000be40 f   libucrt:fpctrl.obj
 0001:0000aebc       _set_statfp                000000018000bebc f   libucrt:fpctrl.obj
 0001:0000aedc       _statfp                    000000018000bedc f   libucrt:fpctrl.obj
 0001:0000aeee       IsProcessorFeaturePresent  000000018000beee f   kernel32:KERNEL32.dll
 0001:0000aef4       RtlUnwindEx                000000018000bef4 f   kernel32:KERNEL32.dll
 0001:0000aefc       ?DloadAcquireSectionWriteAccess@@YAXXZ 000000018000befc f i DelayImp:delayhlp.obj
 0001:0000afb8       ?DloadGetSRWLockFunctionPointers@@YAEXZ 000000018000bfb8 f i DelayImp:delayhlp.obj
 0001:0000b054       ?DloadMakePermanentImageCommit@@YAXPEAX_K@Z 000000018000c054 f i DelayImp:delayhlp.obj
 0001:0000b0ec       ?DloadObtainSection@@YAPEAXPEAK0@Z 000000018000c0ec f i DelayImp:delayhlp.obj
 0001:0000b184       ?DloadProtectSection@@YAXKPEAK@Z 000000018000c184 f i DelayImp:delayhlp.obj
 0001:0000b214       ?DloadReleaseSectionWriteAccess@@YAXXZ 000000018000c214 f i DelayImp:delayhlp.obj
 0001:0000b2b8       __delayLoadHelper2         000000018000c2b8 f   DelayImp:delayhlp.obj
 0001:0000b5c0       _FindPESection             000000018000c5c0 f   LIBCMT:pesect.obj
 0001:0000b610       _IsNonwritableInCurrentImage 000000018000c610 f   LIBCMT:pesect.obj
 0001:0000b660       _ValidateImageBase         000000018000c660 f   LIBCMT:pesect.obj
 0001:0000b690       __GSHandlerCheck           000000018000c690 f   LIBCMT:_gshandler_.obj
 0001:0000b6b0       __GSHandlerCheckCommon     000000018000c6b0 f   LIBCMT:_gshandler_.obj
 0001:0000b720       _alloca_probe              000000018000c720 f   LIBCMT:_chkstk_.obj
 0001:0000b720       __chkstk                   000000018000c720 f   LIBCMT:_chkstk_.obj
 0001:0000b790       memcmp                     000000018000c790 f   libvcruntime:memcmp.obj
 0001:0000b870       _guard_dispatch_icall_nop  000000018000c870 f   LIBCMT:_guard_dispatch_.obj
 0002:00000000       __imp_GetModuleHandleA     000000018000d000     kernel32:KERNEL32.dll
 0002:00000008       __imp_RtlCaptureContext    000000018000d008     kernel32:KERNEL32.dll
 0002:00000010       __imp_RtlLookupFunctionEntry 000000018000d010     kernel32:KERNEL32.dll
 0002:00000018       __imp_RtlVirtualUnwind     000000018000d018     kernel32:KERNEL32.dll
 0002:00000020       __imp_UnhandledExceptionFilter 000000018000d020     kernel32:KERNEL32.dll
 0002:00000028       __imp_SetUnhandledExceptionFilter 000000018000d028     kernel32:KERNEL32.dll
 0002:00000030       __imp_GetCurrentProcess    000000018000d030     kernel32:KERNEL32.dll
 0002:00000038       __imp_TerminateProcess     000000018000d038     kernel32:KERNEL32.dll
 0002:00000040       __imp_IsProcessorFeaturePresent 000000018000d040     kernel32:KERNEL32.dll
 0002:00000048       __imp_QueryPerformanceCounter 000000018000d048     kernel32:KERNEL32.dll
 0002:00000050       __imp_GetCurrentProcessId  000000018000d050     kernel32:KERNEL32.dll
 0002:00000058       __imp_GetCurrentThreadId   000000018000d058     kernel32:KERNEL32.dll
 0002:00000060       __imp_GetSystemTimeAsFileTime 000000018000d060     kernel32:KERNEL32.dll
 0002:00000068       __imp_InitializeSListHead  000000018000d068     kernel32:KERNEL32.dll
 0002:00000070       __imp_IsDebuggerPresent    000000018000d070     kernel32:KERNEL32.dll
 0002:00000078       __imp_GetStartupInfoW      000000018000d078     kernel32:KERNEL32.dll
 0002:00000080       __imp_GetModuleHandleW     000000018000d080     kernel32:KERNEL32.dll
 0002:00000088       __imp_RtlPcToFileHeader    000000018000d088     kernel32:KERNEL32.dll
 0002:00000090       __imp_RaiseException       000000018000d090     kernel32:KERNEL32.dll
 0002:00000098       __imp_RtlUnwindEx          000000018000d098     kernel32:KERNEL32.dll
 0002:000000a0       __imp_InterlockedFlushSList 000000018000d0a0     kernel32:KERNEL32.dll
 0002:000000a8       __imp_GetLastError         000000018000d0a8     kernel32:KERNEL32.dll
 0002:000000b0       __imp_SetLastError         000000018000d0b0     kernel32:KERNEL32.dll
 0002:000000b8       __imp_EnterCriticalSection 000000018000d0b8     kernel32:KERNEL32.dll
 0002:000000c0       __imp_LeaveCriticalSection 000000018000d0c0     kernel32:KERNEL32.dll
 0002:000000c8       __imp_DeleteCriticalSection 000000018000d0c8     kernel32:KERNEL32.dll
 0002:000000d0       __imp_InitializeCriticalSectionAndSpinCount 000000018000d0d0     kernel32:KERNEL32.dll
 0002:000000d8       __imp_TlsAlloc             000000018000d0d8     kernel32:KERNEL32.dll
 0002:000000e0       __imp_TlsGetValue          000000018000d0e0     kernel32:KERNEL32.dll
 0002:000000e8       __imp_TlsSetValue          000000018000d0e8     kernel32:KERNEL32.dll
 0002:000000f0       __imp_TlsFree              000000018000d0f0     kernel32:KERNEL32.dll
 0002:000000f8       __imp_FreeLibrary          000000018000d0f8     kernel32:KERNEL32.dll
 0002:00000100       __imp_GetProcAddress       000000018000d100     kernel32:KERNEL32.dll
 0002:00000108       __imp_LoadLibraryExW       000000018000d108     kernel32:KERNEL32.dll
 0002:00000110       __imp_ExitProcess          000000018000d110     kernel32:KERNEL32.dll
 0002:00000118       __imp_GetModuleHandleExW   000000018000d118     kernel32:KERNEL32.dll
 0002:00000120       __imp_GetModuleFileNameA   000000018000d120     kernel32:KERNEL32.dll
 0002:00000128       __imp_MultiByteToWideChar  000000018000d128     kernel32:KERNEL32.dll
 0002:00000130       __imp_WideCharToMultiByte  000000018000d130     kernel32:KERNEL32.dll
 0002:00000138       __imp_HeapFree             000000018000d138     kernel32:KERNEL32.dll
 0002:00000140       __imp_HeapAlloc            000000018000d140     kernel32:KERNEL32.dll
 0002:00000148       __imp_GetACP               000000018000d148     kernel32:KERNEL32.dll
 0002:00000150       __imp_LCMapStringW         000000018000d150     kernel32:KERNEL32.dll
 0002:00000158       __imp_FindClose            000000018000d158     kernel32:KERNEL32.dll
 0002:00000160       __imp_FindFirstFileExA     000000018000d160     kernel32:KERNEL32.dll
 0002:00000168       __imp_FindNextFileA        000000018000d168     kernel32:KERNEL32.dll
 0002:00000170       __imp_IsValidCodePage      000000018000d170     kernel32:KERNEL32.dll
 0002:00000178       __imp_GetOEMCP             000000018000d178     kernel32:KERNEL32.dll
 0002:00000180       __imp_GetCPInfo            000000018000d180     kernel32:KERNEL32.dll
 0002:00000188       __imp_GetCommandLineA      000000018000d188     kernel32:KERNEL32.dll
 0002:00000190       __imp_GetCommandLineW      000000018000d190     kernel32:KERNEL32.dll
 0002:00000198       __imp_GetEnvironmentStringsW 000000018000d198     kernel32:KERNEL32.dll
 0002:000001a0       __imp_FreeEnvironmentStringsW 000000018000d1a0     kernel32:KERNEL32.dll
 0002:000001a8       __imp_GetProcessHeap       000000018000d1a8     kernel32:KERNEL32.dll
 0002:000001b0       __imp_GetStdHandle         000000018000d1b0     kernel32:KERNEL32.dll
 0002:000001b8       __imp_GetFileType          000000018000d1b8     kernel32:KERNEL32.dll
 0002:000001c0       __imp_GetStringTypeW       000000018000d1c0     kernel32:KERNEL32.dll
 0002:000001c8       __imp_HeapSize             000000018000d1c8     kernel32:KERNEL32.dll
 0002:000001d0       __imp_HeapReAlloc          000000018000d1d0     kernel32:KERNEL32.dll
 0002:000001d8       __imp_SetStdHandle         000000018000d1d8     kernel32:KERNEL32.dll
 0002:000001e0       __imp_WriteFile            000000018000d1e0     kernel32:KERNEL32.dll
 0002:000001e8       __imp_FlushFileBuffers     000000018000d1e8     kernel32:KERNEL32.dll
 0002:000001f0       __imp_GetConsoleCP         000000018000d1f0     kernel32:KERNEL32.dll
 0002:000001f8       __imp_GetConsoleMode       000000018000d1f8     kernel32:KERNEL32.dll
 0002:00000200       __imp_SetFilePointerEx     000000018000d200     kernel32:KERNEL32.dll
 0002:00000208       __imp_CloseHandle          000000018000d208     kernel32:KERNEL32.dll
 0002:00000210       __imp_WriteConsoleW        000000018000d210     kernel32:KERNEL32.dll
 0002:00000218       __imp_CreateFileW          000000018000d218     kernel32:KERNEL32.dll
 0002:00000220       __imp_GetSystemInfo        000000018000d220     kernel32:KERNEL32.dll
 0002:00000228       __imp_VirtualProtect       000000018000d228     kernel32:KERNEL32.dll
 0002:00000230       __imp_VirtualQuery         000000018000d230     kernel32:KERNEL32.dll
 0002:00000238       __imp_LoadLibraryExA       000000018000d238     kernel32:KERNEL32.dll
 0002:00000240       \177KERNEL32_NULL_THUNK_DATA 000000018000d240     kernel32:KERNEL32.dll
 0002:00000248       __guard_check_icall_fptr   000000018000d248     LIBCMT:guard_support.obj
 0002:00000250       __guard_dispatch_icall_fptr 000000018000d250     LIBCMT:guard_support.obj
 0002:00000258       __xc_a                     000000018000d258     LIBCMT:initializers.obj
 0002:00000260       _register_tsbindings_      000000018000d260     main.obj
 0002:00000268       __xc_z                     000000018000d268     LIBCMT:initializers.obj
 0002:00000270       __xi_a                     000000018000d270     LIBCMT:initializers.obj
 0002:00000278       __acrt_multibyte_initializer 000000018000d278     libucrt:multibyte_initializer.obj
 0002:00000280       __acrt_stdio_initializer   000000018000d280     libucrt:stdio_initializer.obj
 0002:00000288       __acrt_tran_fma3_initializer 000000018000d288     libucrt:fma3_initializer.obj
 0002:00000290       __xi_z                     000000018000d290     LIBCMT:initializers.obj
 0002:00000298       __xp_a                     000000018000d298     LIBCMT:initializers.obj
 0002:000002a0       __acrt_locale_terminator   000000018000d2a0     libucrt:locale_initializer.obj
 0002:000002a8       __dcrt_console_output_terminator 000000018000d2a8     libucrt:console_output_initializer.obj
 0002:000002b0       __acrt_stdio_terminator    000000018000d2b0     libucrt:stdio_initializer.obj
 0002:000002b8       __xp_z                     000000018000d2b8     LIBCMT:initializers.obj
 0002:000002c0       __xt_a                     000000018000d2c0     LIBCMT:initializers.obj
 0002:000002c8       __xt_z                     000000018000d2c8     LIBCMT:initializers.obj
 0002:000002d0       __sz_node_exe              000000018000d2d0     node:node.exe
 0002:000002e8       ??_7exception@std@@6B@     000000018000d2e8     libcpmt:xthrow.obj
 0002:000002f8       ??_C@_0BC@EOODALEL@Unknown?5exception?$AA@ 000000018000d2f8     libcpmt:xthrow.obj
 0002:00000318       ??_7bad_alloc@std@@6B@     000000018000d318     libcpmt:xthrow.obj
 0002:00000328       ??_C@_0P@GHFPNOJB@bad?5allocation?$AA@ 000000018000d328     libcpmt:xthrow.obj
 0002:00000340       ??_7logic_error@std@@6B@   000000018000d340     libcpmt:xthrow.obj
 0002:00000358       ??_7length_error@std@@6B@  000000018000d358     libcpmt:xthrow.obj
 0002:00000370       ??_7out_of_range@std@@6B@  000000018000d370     libcpmt:xthrow.obj
 0002:00000380       _pRawDllMain               000000018000d380     LIBCMT:dll_dllmain.obj
 0002:00000380       _pDefaultRawDllMain        000000018000d380     LIBCMT:dll_dllmain.obj
 0002:00000390       ??_7type_info@@6B@         000000018000d390     LIBCMT:std_type_info_static.obj
 0002:000003b0       ??_7bad_array_new_length@std@@6B@ 000000018000d3b0     LIBCMT:throw_bad_alloc.obj
 0002:000003c0       ??_C@_0BF@KINCDENJ@bad?5array?5new?5length?$AA@ 000000018000d3c0     LIBCMT:throw_bad_alloc.obj
 0002:00000440       ??_C@_1BC@DNHGCMLG@?$AAa?$AAd?$AAv?$AAa?$AAp?$AAi?$AA3?$AA2?$AA?$AA@ 000000018000d440     libvcruntime:winapi_downlevel.obj
 0002:00000458       ??_C@_1DM@KHCHBNEB@?$AAa?$AAp?$AAi?$AA?9?$AAm?$AAs?$AA?9?$AAw?$AAi?$AAn?$AA?9?$AAc?$AAo?$AAr?$AAe?$AA?9?$AAf?$AAi?$AAb?$AAe?$AAr?$AAs?$AA?9?$AAl?$AA1?$AA?9?$AA1?$AA?9?$AA1?$AA?$AA@ 000000018000d458     libvcruntime:winapi_downlevel.obj
 0002:00000498       ??_C@_1DK@LPPGFMPP@?$AAa?$AAp?$AAi?$AA?9?$AAm?$AAs?$AA?9?$AAw?$AAi?$AAn?$AA?9?$AAc?$AAo?$AAr?$AAe?$AA?9?$AAs?$AAy?$AAn?$AAc?$AAh?$AA?9?$AAl?$AA1?$AA?9?$AA2?$AA?9?$AA0?$AA?$AA@ 000000018000d498     libvcruntime:winapi_downlevel.obj
 0002:000004d8       ??_C@_1BC@GDMECMAK@?$AAk?$AAe?$AAr?$AAn?$AAe?$AAl?$AA3?$AA2?$AA?$AA@ 000000018000d4d8     libvcruntime:winapi_downlevel.obj
 0002:000004f8       ??_C@_08KNHFBNJ@FlsAlloc?$AA@ 000000018000d4f8     libvcruntime:winapi_downlevel.obj
 0002:00000510       ??_C@_07PEJMOBNF@FlsFree?$AA@ 000000018000d510     libvcruntime:winapi_downlevel.obj
 0002:00000520       ??_C@_0M@GDNOONDI@FlsGetValue?$AA@ 000000018000d520     libvcruntime:winapi_downlevel.obj
 0002:00000538       ??_C@_0M@JCPCPOEF@FlsSetValue?$AA@ 000000018000d538     libvcruntime:winapi_downlevel.obj
 0002:00000550       ??_C@_0BM@HCFOFFN@InitializeCriticalSectionEx?$AA@ 000000018000d550     libvcruntime:winapi_downlevel.obj
 0002:00000890       ??_C@_08EHJDFFNH@__based?$CI?$AA@ 000000018000d890     libvcruntime:undname.obj
 0002:000008a0       ??_C@_07KOLFKCDI@__cdecl?$AA@ 000000018000d8a0     libvcruntime:undname.obj
 0002:000008a8       ??_C@_08GHMPAG@__pascal?$AA@ 000000018000d8a8     libvcruntime:undname.obj
 0002:000008b8       ??_C@_09IFJBGAPI@__stdcall?$AA@ 000000018000d8b8     libvcruntime:undname.obj
 0002:000008c8       ??_C@_0L@NPHFGOKO@__thiscall?$AA@ 000000018000d8c8     libvcruntime:undname.obj
 0002:000008d8       ??_C@_0L@JMKHOMEK@__fastcall?$AA@ 000000018000d8d8     libvcruntime:undname.obj
 0002:000008e8       ??_C@_0N@BCKKPABJ@__vectorcall?$AA@ 000000018000d8e8     libvcruntime:undname.obj
 0002:000008f8       ??_C@_09HIJEGCPM@__clrcall?$AA@ 000000018000d8f8     libvcruntime:undname.obj
 0002:00000904       ??_C@_06GHPCKEAG@__eabi?$AA@ 000000018000d904     libvcruntime:undname.obj
 0002:00000910       ??_C@_07JOMMBBKO@__ptr64?$AA@ 000000018000d910     libvcruntime:undname.obj
 0002:00000918       ??_C@_0L@PILCLIHE@__restrict?$AA@ 000000018000d918     libvcruntime:undname.obj
 0002:00000928       ??_C@_0M@GFIIJFMG@__unaligned?$AA@ 000000018000d928     libvcruntime:undname.obj
 0002:00000938       ??_C@_09DHDLOLLB@restrict?$CI?$AA@ 000000018000d938     libvcruntime:undname.obj
 0002:00000942       ??_C@_00CNPNBAHC@?$AA@     000000018000d942     libvcruntime:undname.obj
 0002:00000944       ??_C@_04NIHEBCM@?5new?$AA@ 000000018000d944     libvcruntime:undname.obj
 0002:00000950       ??_C@_07FPCDHGMM@?5delete?$AA@ 000000018000d950     libvcruntime:undname.obj
 0002:00000958       ??_C@_01NEMOKFLO@?$DN?$AA@ 000000018000d958     libvcruntime:undname.obj
 0002:0000095c       ??_C@_02GPIOPFAK@?$DO?$DO?$AA@ 000000018000d95c     libvcruntime:undname.obj
 0002:00000960       ??_C@_02FODMEDOG@?$DM?$DM?$AA@ 000000018000d960     libvcruntime:undname.obj
 0002:00000964       ??_C@_01DCLJPIOD@?$CB?$AA@ 000000018000d964     libvcruntime:undname.obj
 0002:00000968       ??_C@_02EGOFBIJA@?$DN?$DN?$AA@ 000000018000d968     libvcruntime:undname.obj
 0002:0000096c       ??_C@_02FDNJECIE@?$CB?$DN?$AA@ 000000018000d96c     libvcruntime:undname.obj
 0002:00000970       ??_C@_02GPECMEKF@?$FL?$FN?$AA@ 000000018000d970     libvcruntime:undname.obj
 0002:00000978       ??_C@_08LHJFAFGD@operator?$AA@ 000000018000d978     libvcruntime:undname.obj
 0002:00000984       ??_C@_02HBOOOICD@?9?$DO?$AA@ 000000018000d984     libvcruntime:undname.obj
 0002:00000988       ??_C@_01NBENCBCI@?$CK?$AA@ 000000018000d988     libvcruntime:undname.obj
 0002:0000098c       ??_C@_02ECNGHCIF@?$CL?$CL?$AA@ 000000018000d98c     libvcruntime:undname.obj
 0002:00000990       ??_C@_02BAABKJLB@?9?9?$AA@ 000000018000d990     libvcruntime:undname.obj
 0002:00000994       ??_C@_01JOAMLHOP@?9?$AA@   000000018000d994     libvcruntime:undname.obj
 0002:00000998       ??_C@_01MIFGBAGJ@?$CL?$AA@ 000000018000d998     libvcruntime:undname.obj
 0002:0000099c       ??_C@_01HNPIGOCE@?$CG?$AA@ 000000018000d99c     libvcruntime:undname.obj
 0002:000009a0       ??_C@_03MNHNFDLC@?9?$DO?$CK?$AA@ 000000018000d9a0     libvcruntime:undname.obj
 0002:000009a4       ??_C@_01KMDKNFGN@?1?$AA@   000000018000d9a4     libvcruntime:undname.obj
 0002:000009a8       ??_C@_01FGNFDNOH@?$CF?$AA@ 000000018000d9a8     libvcruntime:undname.obj
 0002:000009ac       ??_C@_01MNNFJEPP@?$DM?$AA@ 000000018000d9ac     libvcruntime:undname.obj
 0002:000009b0       ??_C@_02EHCHHCKH@?$DM?$DN?$AA@ 000000018000d9b0     libvcruntime:undname.obj
 0002:000009b4       ??_C@_01PPODPGHN@?$DO?$AA@ 000000018000d9b4     libvcruntime:undname.obj
 0002:000009b8       ??_C@_02EEKDKGMJ@?$DO?$DN?$AA@ 000000018000d9b8     libvcruntime:undname.obj
 0002:000009bc       ??_C@_01IHBHIGKO@?0?$AA@   000000018000d9bc     libvcruntime:undname.obj
 0002:000009c0       ??_C@_02HCKGKOFO@?$CI?$CJ?$AA@ 000000018000d9c0     libvcruntime:undname.obj
 0002:000009c4       ??_C@_01PJKLJHI@?$HO?$AA@  000000018000d9c4     libvcruntime:undname.obj
 0002:000009c8       ??_C@_01JKBOJNNK@?$FO?$AA@ 000000018000d9c8     libvcruntime:undname.obj
 0002:000009cc       ??_C@_01DNKMNLPK@?$HM?$AA@ 000000018000d9cc     libvcruntime:undname.obj
 0002:000009d0       ??_C@_02PPKAJPJL@?$CG?$CG?$AA@ 000000018000d9d0     libvcruntime:undname.obj
 0002:000009d4       ??_C@_02NONPIBCD@?$HM?$HM?$AA@ 000000018000d9d4     libvcruntime:undname.obj
 0002:000009d8       ??_C@_02FPIMKNGF@?$CK?$DN?$AA@ 000000018000d9d8     libvcruntime:undname.obj
 0002:000009dc       ??_C@_02FOEOMHFC@?$CL?$DN?$AA@ 000000018000d9dc     libvcruntime:undname.obj
 0002:000009e0       ??_C@_02FKMDLLOA@?9?$DN?$AA@ 000000018000d9e0     libvcruntime:undname.obj
 0002:000009e4       ??_C@_02FJEHGPIO@?1?$DN?$AA@ 000000018000d9e4     libvcruntime:undname.obj
 0002:000009e8       ??_C@_02FENAOKFI@?$CF?$DN?$AA@ 000000018000d9e8     libvcruntime:undname.obj
 0002:000009ec       ??_C@_03IKFCCPFF@?$DO?$DO?$DN?$AA@ 000000018000d9ec     libvcruntime:undname.obj
 0002:000009f0       ??_C@_03CDNPDDLA@?$DM?$DM?$DN?$AA@ 000000018000d9f0     libvcruntime:undname.obj
 0002:000009f4       ??_C@_02FGJGFEAB@?$CG?$DN?$AA@ 000000018000d9f4     libvcruntime:undname.obj
 0002:000009f8       ??_C@_02DHLNPPGH@?$HM?$DN?$AA@ 000000018000d9f8     libvcruntime:undname.obj
 0002:000009fc       ??_C@_02MHEGNOJ@?$FO?$DN?$AA@ 000000018000d9fc     libvcruntime:undname.obj
 0002:00000a00       ??_C@_09IFPLHPGF@?$GAvftable?8?$AA@ 000000018000da00     libvcruntime:undname.obj
 0002:00000a10       ??_C@_09BLBHBJP@?$GAvbtable?8?$AA@ 000000018000da10     libvcruntime:undname.obj
 0002:00000a20       ??_C@_07FEEIOKP@?$GAvcall?8?$AA@ 000000018000da20     libvcruntime:undname.obj
 0002:00000a28       ??_C@_08LLFFHHDJ@?$GAtypeof?8?$AA@ 000000018000da28     libvcruntime:undname.obj
 0002:00000a38       ??_C@_0BF@KDPPACIK@?$GAlocal?5static?5guard?8?$AA@ 000000018000da38     libvcruntime:undname.obj
 0002:00000a50       ??_C@_08OBABFOLI@?$GAstring?8?$AA@ 000000018000da50     libvcruntime:undname.obj
 0002:00000a60       ??_C@_0BD@JDLKDPAB@?$GAvbase?5destructor?8?$AA@ 000000018000da60     libvcruntime:undname.obj
 0002:00000a78       ??_C@_0BN@DEGPLNFK@?$GAvector?5deleting?5destructor?8?$AA@ 000000018000da78     libvcruntime:undname.obj
 0002:00000a98       ??_C@_0BO@OBMKPJIG@?$GAdefault?5constructor?5closure?8?$AA@ 000000018000da98     libvcruntime:undname.obj
 0002:00000ab8       ??_C@_0BN@IMDCHIKM@?$GAscalar?5deleting?5destructor?8?$AA@ 000000018000dab8     libvcruntime:undname.obj
 0002:00000ad8       ??_C@_0BO@PFGOCPJJ@?$GAvector?5constructor?5iterator?8?$AA@ 000000018000dad8     libvcruntime:undname.obj
 0002:00000af8       ??_C@_0BN@LFPFMEDL@?$GAvector?5destructor?5iterator?8?$AA@ 000000018000daf8     libvcruntime:undname.obj
 0002:00000b18       ??_C@_0CE@IKBNEHA@?$GAvector?5vbase?5constructor?5iterat@ 000000018000db18     libvcruntime:undname.obj
 0002:00000b40       ??_C@_0BL@NILFHHPC@?$GAvirtual?5displacement?5map?8?$AA@ 000000018000db40     libvcruntime:undname.obj
 0002:00000b60       ??_C@_0CB@JONCMFFK@?$GAeh?5vector?5constructor?5iterator?8@ 000000018000db60     libvcruntime:undname.obj
 0002:00000b88       ??_C@_0CA@GCEOPDGL@?$GAeh?5vector?5destructor?5iterator?8?$AA@ 000000018000db88     libvcruntime:undname.obj
 0002:00000ba8       ??_C@_0CH@OOJPLCPH@?$GAeh?5vector?5vbase?5constructor?5ite@ 000000018000dba8     libvcruntime:undname.obj
 0002:00000bd0       ??_C@_0BL@LLKPOHJI@?$GAcopy?5constructor?5closure?8?$AA@ 000000018000dbd0     libvcruntime:undname.obj
 0002:00000bf0       ??_C@_0BA@KBCDOMBN@?$GAudt?5returning?8?$AA@ 000000018000dbf0     libvcruntime:undname.obj
 0002:00000c00       ??_C@_03KLGMFNMG@?$GAEH?$AA@ 000000018000dc00     libvcruntime:undname.obj
 0002:00000c04       ??_C@_05KHLCHHI@?$GARTTI?$AA@ 000000018000dc04     libvcruntime:undname.obj
 0002:00000c10       ??_C@_0BA@KKLDJDLB@?$GAlocal?5vftable?8?$AA@ 000000018000dc10     libvcruntime:undname.obj
 0002:00000c20       ??_C@_0CE@IIHCMGGL@?$GAlocal?5vftable?5constructor?5closu@ 000000018000dc20     libvcruntime:undname.obj
 0002:00000c44       ??_C@_06FHBGPFGH@?5new?$FL?$FN?$AA@ 000000018000dc44     libvcruntime:undname.obj
 0002:00000c50       ??_C@_09LBNFPBCA@?5delete?$FL?$FN?$AA@ 000000018000dc50     libvcruntime:undname.obj
 0002:00000c60       ??_C@_0P@HJKNJFNN@?$GAomni?5callsig?8?$AA@ 000000018000dc60     libvcruntime:undname.obj
 0002:00000c70       ??_C@_0BL@CNOONJFP@?$GAplacement?5delete?5closure?8?$AA@ 000000018000dc70     libvcruntime:undname.obj
 0002:00000c90       ??_C@_0BN@CKNJLHMB@?$GAplacement?5delete?$FL?$FN?5closure?8?$AA@ 000000018000dc90     libvcruntime:undname.obj
 0002:00000cb0       ??_C@_0CG@CFDHKGGD@?$GAmanaged?5vector?5constructor?5iter@ 000000018000dcb0     libvcruntime:undname.obj
 0002:00000cd8       ??_C@_0CF@IMGKMJNO@?$GAmanaged?5vector?5destructor?5itera@ 000000018000dcd8     libvcruntime:undname.obj
 0002:00000d00       ??_C@_0CG@HLDDJMAG@?$GAeh?5vector?5copy?5constructor?5iter@ 000000018000dd00     libvcruntime:undname.obj
 0002:00000d28       ??_C@_0CM@FCBBDIGB@?$GAeh?5vector?5vbase?5copy?5constructo@ 000000018000dd28     libvcruntime:undname.obj
 0002:00000d58       ??_C@_0BL@CLIPGLGB@?$GAdynamic?5initializer?5for?5?8?$AA@ 000000018000dd58     libvcruntime:undname.obj
 0002:00000d78       ??_C@_0CB@PDBIFEP@?$GAdynamic?5atexit?5destructor?5for?5?8@ 000000018000dd78     libvcruntime:undname.obj
 0002:00000da0       ??_C@_0CD@CGAJBKEJ@?$GAvector?5copy?5constructor?5iterato@ 000000018000dda0     libvcruntime:undname.obj
 0002:00000dc8       ??_C@_0CJ@GJELGAMM@?$GAvector?5vbase?5copy?5constructor?5i@ 000000018000ddc8     libvcruntime:undname.obj
 0002:00000df8       ??_C@_0CL@FGIJHLCE@?$GAmanaged?5vector?5copy?5constructor@ 000000018000ddf8     libvcruntime:undname.obj
 0002:00000e28       ??_C@_0BM@PMGGMLDN@?$GAlocal?5static?5thread?5guard?8?$AA@ 000000018000de28     libvcruntime:undname.obj
 0002:00000e48       ??_C@_0N@BDNMDMOL@operator?5?$CC?$CC?5?$AA@ 000000018000de48     libvcruntime:undname.obj
 0002:00000e58       ??_C@_0BC@DAFEJGAK@?5Type?5Descriptor?8?$AA@ 000000018000de58     libvcruntime:undname.obj
 0002:00000e70       ??_C@_0BM@LDKODKLH@?5Base?5Class?5Descriptor?5at?5?$CI?$AA@ 000000018000de70     libvcruntime:undname.obj
 0002:00000e90       ??_C@_0BD@LGICGFMM@?5Base?5Class?5Array?8?$AA@ 000000018000de90     libvcruntime:undname.obj
 0002:00000ea8       ??_C@_0BN@MECKDCOJ@?5Class?5Hierarchy?5Descriptor?8?$AA@ 000000018000dea8     libvcruntime:undname.obj
 0002:00000ec8       ??_C@_0BK@CFCOFLF@?5Complete?5Object?5Locator?8?$AA@ 000000018000dec8     libvcruntime:undname.obj
 0002:00000ef0       __acrt_exception_action_table 000000018000def0     libucrt:exception_filter.obj
 0002:00000fb0       __acrt_signal_action_table_count 000000018000dfb0     libucrt:exception_filter.obj
 0002:00000fb8       __acrt_signal_action_first_fpe_index 000000018000dfb8     libucrt:exception_filter.obj
 0002:00000fc0       __acrt_signal_action_fpe_count 000000018000dfc0     libucrt:exception_filter.obj
 0002:00000fc8       ??_C@_1BI@BGOHAHKC@?$AAm?$AAs?$AAc?$AAo?$AAr?$AAe?$AAe?$AA?4?$AAd?$AAl?$AAl?$AA?$AA@ 000000018000dfc8     libucrt:exit.obj
 0002:00000fe0       ??_C@_0P@MIGLKIOC@CorExitProcess?$AA@ 000000018000dfe0     libucrt:exit.obj
 0002:00001250       __lc_time_c                000000018000e250     libucrt:nlsdata.obj
 0002:00001510       ??_C@_03KOEHGMDN@Sun?$AA@  000000018000e510     libucrt:nlsdata.obj
 0002:00001514       ??_C@_03PDAGKDH@Mon?$AA@   000000018000e514     libucrt:nlsdata.obj
 0002:00001518       ??_C@_03NAGEINEP@Tue?$AA@  000000018000e518     libucrt:nlsdata.obj
 0002:0000151c       ??_C@_03MHOMLAJA@Wed?$AA@  000000018000e51c     libucrt:nlsdata.obj
 0002:00001520       ??_C@_03IOFIKPDN@Thu?$AA@  000000018000e520     libucrt:nlsdata.obj
 0002:00001524       ??_C@_03IDIOELNC@Fri?$AA@  000000018000e524     libucrt:nlsdata.obj
 0002:00001528       ??_C@_03FEFJNEK@Sat?$AA@   000000018000e528     libucrt:nlsdata.obj
 0002:0000152c       ??_C@_06OOPIFAJ@Sunday?$AA@ 000000018000e52c     libucrt:nlsdata.obj
 0002:00001534       ??_C@_06JLEDEDGH@Monday?$AA@ 000000018000e534     libucrt:nlsdata.obj
 0002:00001540       ??_C@_07BAAGCFCM@Tuesday?$AA@ 000000018000e540     libucrt:nlsdata.obj
 0002:00001548       ??_C@_09DLIGFAKA@Wednesday?$AA@ 000000018000e548     libucrt:nlsdata.obj
 0002:00001558       ??_C@_08HACCIKIA@Thursday?$AA@ 000000018000e558     libucrt:nlsdata.obj
 0002:00001564       ??_C@_06JECMNKMI@Friday?$AA@ 000000018000e564     libucrt:nlsdata.obj
 0002:00001570       ??_C@_08INBOOONO@Saturday?$AA@ 000000018000e570     libucrt:nlsdata.obj
 0002:0000157c       ??_C@_03JIHJHPIE@Jan?$AA@  000000018000e57c     libucrt:nlsdata.obj
 0002:00001580       ??_C@_03HJBDCHOM@Feb?$AA@  000000018000e580     libucrt:nlsdata.obj
 0002:00001584       ??_C@_03ODNJBKGA@Mar?$AA@  000000018000e584     libucrt:nlsdata.obj
 0002:00001588       ??_C@_03LEOLGMJP@Apr?$AA@  000000018000e588     libucrt:nlsdata.obj
 0002:0000158c       ??_C@_03CNMDKL@May?$AA@    000000018000e58c     libucrt:nlsdata.obj
 0002:00001590       ??_C@_03IDFGHECI@Jun?$AA@  000000018000e590     libucrt:nlsdata.obj
 0002:00001594       ??_C@_03LBGABGKK@Jul?$AA@  000000018000e594     libucrt:nlsdata.obj
 0002:00001598       ??_C@_03IFJFEIGA@Aug?$AA@  000000018000e598     libucrt:nlsdata.obj
 0002:0000159c       ??_C@_03GGCAPAJC@Sep?$AA@  000000018000e59c     libucrt:nlsdata.obj
 0002:000015a0       ??_C@_03BMAOKBAD@Oct?$AA@  000000018000e5a0     libucrt:nlsdata.obj
 0002:000015a4       ??_C@_03JPJOFNIA@Nov?$AA@  000000018000e5a4     libucrt:nlsdata.obj
 0002:000015a8       ??_C@_03MKABNOCG@Dec?$AA@  000000018000e5a8     libucrt:nlsdata.obj
 0002:000015b0       ??_C@_07CGJPFGJA@January?$AA@ 000000018000e5b0     libucrt:nlsdata.obj
 0002:000015b8       ??_C@_08GNJGEPFN@February?$AA@ 000000018000e5b8     libucrt:nlsdata.obj
 0002:000015c4       ??_C@_05HPCKOFNC@March?$AA@ 000000018000e5c4     libucrt:nlsdata.obj
 0002:000015cc       ??_C@_05DMJDNLEJ@April?$AA@ 000000018000e5cc     libucrt:nlsdata.obj
 0002:000015d4       ??_C@_04CNLMGBGM@June?$AA@ 000000018000e5d4     libucrt:nlsdata.obj
 0002:000015dc       ??_C@_04MIEPOIFP@July?$AA@ 000000018000e5dc     libucrt:nlsdata.obj
 0002:000015e4       ??_C@_06LBBHFDDG@August?$AA@ 000000018000e5e4     libucrt:nlsdata.obj
 0002:000015f0       ??_C@_09BHHEALKD@September?$AA@ 000000018000e5f0     libucrt:nlsdata.obj
 0002:00001600       ??_C@_07JJNFCEND@October?$AA@ 000000018000e600     libucrt:nlsdata.obj
 0002:00001608       ??_C@_08HCHEGEOA@November?$AA@ 000000018000e608     libucrt:nlsdata.obj
 0002:00001618       ??_C@_08EDHMEBNP@December?$AA@ 000000018000e618     libucrt:nlsdata.obj
 0002:00001624       ??_C@_02DEDBPAFC@AM?$AA@   000000018000e624     libucrt:nlsdata.obj
 0002:00001628       ??_C@_02CJNFDJBF@PM?$AA@   000000018000e628     libucrt:nlsdata.obj
 0002:00001630       ??_C@_08BPBNCDIB@MM?1dd?1yy?$AA@ 000000018000e630     libucrt:nlsdata.obj
 0002:00001640       ??_C@_0BE@CKGJFCPC@dddd?0?5MMMM?5dd?0?5yyyy?$AA@ 000000018000e640     libucrt:nlsdata.obj
 0002:00001658       ??_C@_08JCCMCCIL@HH?3mm?3ss?$AA@ 000000018000e658     libucrt:nlsdata.obj
 0002:00001668       ??_C@_17MBGCMIPB@?$AAS?$AAu?$AAn?$AA?$AA@ 000000018000e668     libucrt:nlsdata.obj
 0002:00001670       ??_C@_17KBOMKBF@?$AAM?$AAo?$AAn?$AA?$AA@ 000000018000e670     libucrt:nlsdata.obj
 0002:00001678       ??_C@_17BMKGEGOJ@?$AAT?$AAu?$AAe?$AA?$AA@ 000000018000e678     libucrt:nlsdata.obj
 0002:00001680       ??_C@_17CJEDCEPE@?$AAW?$AAe?$AAd?$AA?$AA@ 000000018000e680     libucrt:nlsdata.obj
 0002:00001688       ??_C@_17PDPHAADD@?$AAT?$AAh?$AAu?$AA?$AA@ 000000018000e688     libucrt:nlsdata.obj
 0002:00001690       ??_C@_17HFOLPPLP@?$AAF?$AAr?$AAi?$AA?$AA@ 000000018000e690     libucrt:nlsdata.obj
 0002:00001698       ??_C@_17GGIBDPIH@?$AAS?$AAa?$AAt?$AA?$AA@ 000000018000e698     libucrt:nlsdata.obj
 0002:000016a0       ??_C@_1O@IHNHDHPB@?$AAS?$AAu?$AAn?$AAd?$AAa?$AAy?$AA?$AA@ 000000018000e6a0     libucrt:nlsdata.obj
 0002:000016b0       ??_C@_1O@MMNBFLIA@?$AAM?$AAo?$AAn?$AAd?$AAa?$AAy?$AA?$AA@ 000000018000e6b0     libucrt:nlsdata.obj
 0002:000016c0       ??_C@_1BA@ENFBFFEK@?$AAT?$AAu?$AAe?$AAs?$AAd?$AAa?$AAy?$AA?$AA@ 000000018000e6c0     libucrt:nlsdata.obj
 0002:000016d0       ??_C@_1BE@EBOGMDOH@?$AAW?$AAe?$AAd?$AAn?$AAe?$AAs?$AAd?$AAa?$AAy?$AA?$AA@ 000000018000e6d0     libucrt:nlsdata.obj
 0002:000016e8       ??_C@_1BC@HHMNLIHE@?$AAT?$AAh?$AAu?$AAr?$AAs?$AAd?$AAa?$AAy?$AA?$AA@ 000000018000e6e8     libucrt:nlsdata.obj
 0002:00001700       ??_C@_1O@PDICJHAG@?$AAF?$AAr?$AAi?$AAd?$AAa?$AAy?$AA?$AA@ 000000018000e700     libucrt:nlsdata.obj
 0002:00001710       ??_C@_1BC@ENMNNPAJ@?$AAS?$AAa?$AAt?$AAu?$AAr?$AAd?$AAa?$AAy?$AA?$AA@ 000000018000e710     libucrt:nlsdata.obj
 0002:00001728       ??_C@_17DKNBKCHM@?$AAJ?$AAa?$AAn?$AA?$AA@ 000000018000e728     libucrt:nlsdata.obj
 0002:00001730       ??_C@_17LMDJEKJN@?$AAF?$AAe?$AAb?$AA?$AA@ 000000018000e730     libucrt:nlsdata.obj
 0002:00001738       ??_C@_17CKNLEDEC@?$AAM?$AAa?$AAr?$AA?$AA@ 000000018000e738     libucrt:nlsdata.obj
 0002:00001740       ??_C@_17LFPOIHDD@?$AAA?$AAp?$AAr?$AA?$AA@ 000000018000e740     libucrt:nlsdata.obj
 0002:00001748       ??_C@_17PNNKMEED@?$AAM?$AAa?$AAy?$AA?$AA@ 000000018000e748     libucrt:nlsdata.obj
 0002:00001750       ??_C@_17KCJGOCPB@?$AAJ?$AAu?$AAn?$AA?$AA@ 000000018000e750     libucrt:nlsdata.obj
 0002:00001758       ??_C@_17IJPCKHK@?$AAJ?$AAu?$AAl?$AA?$AA@ 000000018000e758     libucrt:nlsdata.obj
 0002:00001760       ??_C@_17ICPELBCN@?$AAA?$AAu?$AAg?$AA?$AA@ 000000018000e760     libucrt:nlsdata.obj
 0002:00001768       ??_C@_17HCHCOKMG@?$AAS?$AAe?$AAp?$AA?$AA@ 000000018000e768     libucrt:nlsdata.obj
 0002:00001770       ??_C@_17FNLKOI@?$AAO?$AAc?$AAt?$AA?$AA@ 000000018000e770     libucrt:nlsdata.obj
 0002:00001778       ??_C@_17BBDMLCIG@?$AAN?$AAo?$AAv?$AA?$AA@ 000000018000e778     libucrt:nlsdata.obj
 0002:00001780       ??_C@_17EGKACKIF@?$AAD?$AAe?$AAc?$AA?$AA@ 000000018000e780     libucrt:nlsdata.obj
 0002:00001788       ??_C@_1BA@EFMEIEBA@?$AAJ?$AAa?$AAn?$AAu?$AAa?$AAr?$AAy?$AA?$AA@ 000000018000e788     libucrt:nlsdata.obj
 0002:00001798       ??_C@_1BC@JGDDFFAM@?$AAF?$AAe?$AAb?$AAr?$AAu?$AAa?$AAr?$AAy?$AA?$AA@ 000000018000e798     libucrt:nlsdata.obj
 0002:000017b0       ??_C@_1M@IKEENEDF@?$AAM?$AAa?$AAr?$AAc?$AAh?$AA?$AA@ 000000018000e7b0     libucrt:nlsdata.obj
 0002:000017c0       ??_C@_1M@GJNLMHFD@?$AAA?$AAp?$AAr?$AAi?$AAl?$AA?$AA@ 000000018000e7c0     libucrt:nlsdata.obj
 0002:000017d0       ??_C@_19EPFLPGAP@?$AAJ?$AAu?$AAn?$AAe?$AA?$AA@ 000000018000e7d0     libucrt:nlsdata.obj
 0002:000017e0       ??_C@_19BIFMLPCD@?$AAJ?$AAu?$AAl?$AAy?$AA?$AA@ 000000018000e7e0     libucrt:nlsdata.obj
 0002:000017f0       ??_C@_1O@PAHLKOAC@?$AAA?$AAu?$AAg?$AAu?$AAs?$AAt?$AA?$AA@ 000000018000e7f0     libucrt:nlsdata.obj
 0002:00001800       ??_C@_1BE@DKAAMBJL@?$AAS?$AAe?$AAp?$AAt?$AAe?$AAm?$AAb?$AAe?$AAr?$AA?$AA@ 000000018000e800     libucrt:nlsdata.obj
 0002:00001818       ??_C@_1BA@EPANDLNG@?$AAO?$AAc?$AAt?$AAo?$AAb?$AAe?$AAr?$AA?$AA@ 000000018000e818     libucrt:nlsdata.obj
 0002:00001828       ??_C@_1BC@BGLIFPF@?$AAN?$AAo?$AAv?$AAe?$AAm?$AAb?$AAe?$AAr?$AA?$AA@ 000000018000e828     libucrt:nlsdata.obj
 0002:00001840       ??_C@_1BC@FEMKIFH@?$AAD?$AAe?$AAc?$AAe?$AAm?$AAb?$AAe?$AAr?$AA?$AA@ 000000018000e840     libucrt:nlsdata.obj
 0002:00001854       ??_C@_15ODEHAHHF@?$AAA?$AAM?$AA?$AA@ 000000018000e854     libucrt:nlsdata.obj
 0002:0000185c       ??_C@_15CLMNNGEL@?$AAP?$AAM?$AA?$AA@ 000000018000e85c     libucrt:nlsdata.obj
 0002:00001868       ??_C@_1BC@IEBCMHCM@?$AAM?$AAM?$AA?1?$AAd?$AAd?$AA?1?$AAy?$AAy?$AA?$AA@ 000000018000e868     libucrt:nlsdata.obj
 0002:00001880       ??_C@_1CI@KNAKOEBC@?$AAd?$AAd?$AAd?$AAd?$AA?0?$AA?5?$AAM?$AAM?$AAM?$AAM?$AA?5?$AAd?$AAd?$AA?0?$AA?5?$AAy?$AAy?$AAy?$AAy?$AA?$AA@ 000000018000e880     libucrt:nlsdata.obj
 0002:000018a8       ??_C@_1BC@GDGBMEMK@?$AAH?$AAH?$AA?3?$AAm?$AAm?$AA?3?$AAs?$AAs?$AA?$AA@ 000000018000e8a8     libucrt:nlsdata.obj
 0002:000018c0       ??_C@_1M@BMHNFIME@?$AAe?$AAn?$AA?9?$AAU?$AAS?$AA?$AA@ 000000018000e8c0     libucrt:nlsdata.obj
 0002:00001970       ??_C@_1EG@CNNIPFIM@?$AAa?$AAp?$AAi?$AA?9?$AAm?$AAs?$AA?9?$AAw?$AAi?$AAn?$AA?9?$AAa?$AAp?$AAp?$AAm?$AAo?$AAd?$AAe?$AAl?$AA?9?$AAr?$AAu?$AAn?$AAt?$AAi?$AAm?$AAe?$AA?9?$AAl?$AA1?$AA?9?$AA1@ 000000018000e970     libucrt:winapi_thunks.obj
 0002:000019c0       ??_C@_1EA@JGEFHKEI@?$AAa?$AAp?$AAi?$AA?9?$AAm?$AAs?$AA?9?$AAw?$AAi?$AAn?$AA?9?$AAc?$AAo?$AAr?$AAe?$AA?9?$AAd?$AAa?$AAt?$AAe?$AAt?$AAi?$AAm?$AAe?$AA?9?$AAl?$AA1?$AA?9?$AA1?$AA?9?$AA1?$AA?$AA@ 000000018000e9c0     libucrt:winapi_thunks.obj
 0002:00001a00       ??_C@_1DI@GCIAAENM@?$AAa?$AAp?$AAi?$AA?9?$AAm?$AAs?$AA?9?$AAw?$AAi?$AAn?$AA?9?$AAc?$AAo?$AAr?$AAe?$AA?9?$AAf?$AAi?$AAl?$AAe?$AA?9?$AAl?$AA2?$AA?9?$AA1?$AA?9?$AA1?$AA?$AA@ 000000018000ea00     libucrt:winapi_thunks.obj
 0002:00001a40       ??_C@_1EI@MPIAOHOC@?$AAa?$AAp?$AAi?$AA?9?$AAm?$AAs?$AA?9?$AAw?$AAi?$AAn?$AA?9?$AAc?$AAo?$AAr?$AAe?$AA?9?$AAl?$AAo?$AAc?$AAa?$AAl?$AAi?$AAz?$AAa?$AAt?$AAi?$AAo?$AAn?$AA?9?$AAl?$AA1?$AA?9@ 000000018000ea40     libucrt:winapi_thunks.obj
 0002:00001a90       ??_C@_1FK@FPHCKFIE@?$AAa?$AAp?$AAi?$AA?9?$AAm?$AAs?$AA?9?$AAw?$AAi?$AAn?$AA?9?$AAc?$AAo?$AAr?$AAe?$AA?9?$AAl?$AAo?$AAc?$AAa?$AAl?$AAi?$AAz?$AAa?$AAt?$AAi?$AAo?$AAn?$AA?9?$AAo?$AAb?$AAs@ 000000018000ea90     libucrt:winapi_thunks.obj
 0002:00001af0       ??_C@_1EM@DILCGIIO@?$AAa?$AAp?$AAi?$AA?9?$AAm?$AAs?$AA?9?$AAw?$AAi?$AAn?$AA?9?$AAc?$AAo?$AAr?$AAe?$AA?9?$AAp?$AAr?$AAo?$AAc?$AAe?$AAs?$AAs?$AAt?$AAh?$AAr?$AAe?$AAa?$AAd?$AAs?$AA?9?$AAl@ 000000018000eaf0     libucrt:winapi_thunks.obj
 0002:00001b40       ??_C@_1DM@LNCGDDPN@?$AAa?$AAp?$AAi?$AA?9?$AAm?$AAs?$AA?9?$AAw?$AAi?$AAn?$AA?9?$AAc?$AAo?$AAr?$AAe?$AA?9?$AAs?$AAt?$AAr?$AAi?$AAn?$AAg?$AA?9?$AAl?$AA1?$AA?9?$AA1?$AA?9?$AA0?$AA?$AA@ 000000018000eb40     libucrt:winapi_thunks.obj
 0002:00001b80       ??_C@_1DO@FPAPJEMD@?$AAa?$AAp?$AAi?$AA?9?$AAm?$AAs?$AA?9?$AAw?$AAi?$AAn?$AA?9?$AAc?$AAo?$AAr?$AAe?$AA?9?$AAs?$AAy?$AAs?$AAi?$AAn?$AAf?$AAo?$AA?9?$AAl?$AA1?$AA?9?$AA2?$AA?9?$AA1?$AA?$AA@ 000000018000eb80     libucrt:winapi_thunks.obj
 0002:00001bc0       ??_C@_1DK@NDHNAHIO@?$AAa?$AAp?$AAi?$AA?9?$AAm?$AAs?$AA?9?$AAw?$AAi?$AAn?$AA?9?$AAc?$AAo?$AAr?$AAe?$AA?9?$AAw?$AAi?$AAn?$AAr?$AAt?$AA?9?$AAl?$AA1?$AA?9?$AA1?$AA?9?$AA0?$AA?$AA@ 000000018000ebc0     libucrt:winapi_thunks.obj
 0002:00001c00       ??_C@_1DM@KGHDGBCM@?$AAa?$AAp?$AAi?$AA?9?$AAm?$AAs?$AA?9?$AAw?$AAi?$AAn?$AA?9?$AAc?$AAo?$AAr?$AAe?$AA?9?$AAx?$AAs?$AAt?$AAa?$AAt?$AAe?$AA?9?$AAl?$AA2?$AA?9?$AA1?$AA?9?$AA0?$AA?$AA@ 000000018000ec00     libucrt:winapi_thunks.obj
 0002:00001c40       ??_C@_1EO@IJIOEFOH@?$AAa?$AAp?$AAi?$AA?9?$AAm?$AAs?$AA?9?$AAw?$AAi?$AAn?$AA?9?$AAr?$AAt?$AAc?$AAo?$AAr?$AAe?$AA?9?$AAn?$AAt?$AAu?$AAs?$AAe?$AAr?$AA?9?$AAw?$AAi?$AAn?$AAd?$AAo?$AAw?$AA?9@ 000000018000ec40     libucrt:winapi_thunks.obj
 0002:00001c90       ??_C@_1FG@HHGEKANL@?$AAa?$AAp?$AAi?$AA?9?$AAm?$AAs?$AA?9?$AAw?$AAi?$AAn?$AA?9?$AAs?$AAe?$AAc?$AAu?$AAr?$AAi?$AAt?$AAy?$AA?9?$AAs?$AAy?$AAs?$AAt?$AAe?$AAm?$AAf?$AAu?$AAn?$AAc?$AAt?$AAi@ 000000018000ec90     libucrt:winapi_thunks.obj
 0002:00001cf0       ??_C@_1FG@NCKKOLKO@?$AAe?$AAx?$AAt?$AA?9?$AAm?$AAs?$AA?9?$AAw?$AAi?$AAn?$AA?9?$AAk?$AAe?$AAr?$AAn?$AAe?$AAl?$AA3?$AA2?$AA?9?$AAp?$AAa?$AAc?$AAk?$AAa?$AAg?$AAe?$AA?9?$AAc?$AAu?$AAr?$AAr@ 000000018000ecf0     libucrt:winapi_thunks.obj
 0002:00001d50       ??_C@_1EG@DBIOJECG@?$AAe?$AAx?$AAt?$AA?9?$AAm?$AAs?$AA?9?$AAw?$AAi?$AAn?$AA?9?$AAn?$AAt?$AAu?$AAs?$AAe?$AAr?$AA?9?$AAd?$AAi?$AAa?$AAl?$AAo?$AAg?$AAb?$AAo?$AAx?$AA?9?$AAl?$AA1?$AA?9?$AA1@ 000000018000ed50     libucrt:winapi_thunks.obj
 0002:00001da0       ??_C@_1EO@FIHMJCLF@?$AAe?$AAx?$AAt?$AA?9?$AAm?$AAs?$AA?9?$AAw?$AAi?$AAn?$AA?9?$AAn?$AAt?$AAu?$AAs?$AAe?$AAr?$AA?9?$AAw?$AAi?$AAn?$AAd?$AAo?$AAw?$AAs?$AAt?$AAa?$AAt?$AAi?$AAo?$AAn?$AA?9@ 000000018000eda0     libucrt:winapi_thunks.obj
 0002:00001df0       ??_C@_1O@BCCLBEOE@?$AAu?$AAs?$AAe?$AAr?$AA3?$AA2?$AA?$AA@ 000000018000edf0     libucrt:winapi_thunks.obj
 0002:00001e28       ??_C@_0BE@JOGNEJCI@GetCurrentPackageId?$AA@ 000000018000ee28     libucrt:winapi_thunks.obj
 0002:00001e50       ??_C@_0O@KKBNKAPF@LCMapStringEx?$AA@ 000000018000ee50     libucrt:winapi_thunks.obj
 0002:00001e68       ??_C@_0BB@HBDEELFH@LocaleNameToLCID?$AA@ 000000018000ee68     libucrt:winapi_thunks.obj
 0002:00001ea0       ??_C@_1M@HPNHIDJI@?$AAj?$AAa?$AA?9?$AAJ?$AAP?$AA?$AA@ 000000018000eea0     libucrt:mbctype.obj
 0002:00001eb0       ??_C@_1M@BIBDDEMK@?$AAz?$AAh?$AA?9?$AAC?$AAN?$AA?$AA@ 000000018000eeb0     libucrt:mbctype.obj
 0002:00001ec0       ??_C@_1M@JLOOOEGK@?$AAk?$AAo?$AA?9?$AAK?$AAR?$AA?$AA@ 000000018000eec0     libucrt:mbctype.obj
 0002:00001ed0       ??_C@_1M@CLNBBOPM@?$AAz?$AAh?$AA?9?$AAT?$AAW?$AA?$AA@ 000000018000eed0     libucrt:mbctype.obj
 0002:00001ee0       __newctype                 000000018000eee0     libucrt:ctype.obj
 0002:000021e0       __newclmap                 000000018000f1e0     libucrt:ctype.obj
 0002:00002360       __newcumap                 000000018000f360     libucrt:ctype.obj
 0002:000024e0       ??_C@_15PJPFLCCM@?$AAu?$AAk?$AA?$AA@ 000000018000f4e0     libucrt:get_qualified_locale.obj
 0002:00003330       ??_C@_15EMKDOKLE@?$AAa?$AAr?$AA?$AA@ 0000000180010330     libucrt:lcidtoname_downlevel.obj
 0002:00003338       ??_C@_15KNPADPLH@?$AAb?$AAg?$AA?$AA@ 0000000180010338     libucrt:lcidtoname_downlevel.obj
 0002:00003340       ??_C@_15EDMHLDMO@?$AAc?$AAa?$AA?$AA@ 0000000180010340     libucrt:lcidtoname_downlevel.obj
 0002:00003348       ??_C@_1O@BPEAJADD@?$AAz?$AAh?$AA?9?$AAC?$AAH?$AAS?$AA?$AA@ 0000000180010348     libucrt:lcidtoname_downlevel.obj
 0002:00003358       ??_C@_15LJNHCMNK@?$AAc?$AAs?$AA?$AA@ 0000000180010358     libucrt:lcidtoname_downlevel.obj
 0002:00003360       ??_C@_15FOMCIDHG@?$AAd?$AAa?$AA?$AA@ 0000000180010360     libucrt:lcidtoname_downlevel.obj
 0002:00003368       ??_C@_15NBKABECB@?$AAd?$AAe?$AA?$AA@ 0000000180010368     libucrt:lcidtoname_downlevel.obj
 0002:00003370       ??_C@_15GHPEIIAO@?$AAe?$AAl?$AA?$AA@ 0000000180010370     libucrt:lcidtoname_downlevel.obj
 0002:00003378       ??_C@_15MNPNEAIF@?$AAe?$AAn?$AA?$AA@ 0000000180010378     libucrt:lcidtoname_downlevel.obj
 0002:00003380       ??_C@_15GPIOMPMH@?$AAe?$AAs?$AA?$AA@ 0000000180010380     libucrt:lcidtoname_downlevel.obj
 0002:00003388       ??_C@_15NGLOAKJC@?$AAf?$AAi?$AA?$AA@ 0000000180010388     libucrt:lcidtoname_downlevel.obj
 0002:00003390       ??_C@_15FBKGNKAM@?$AAf?$AAr?$AA?$AA@ 0000000180010390     libucrt:lcidtoname_downlevel.obj
 0002:00003398       ??_C@_15KGGCNEFK@?$AAh?$AAe?$AA?$AA@ 0000000180010398     libucrt:lcidtoname_downlevel.obj
 0002:000033a0       ??_C@_15PGHLIDMF@?$AAh?$AAu?$AA?$AA@ 00000001800103a0     libucrt:lcidtoname_downlevel.obj
 0002:000033a8       ??_C@_15BIEMAPLM@?$AAi?$AAs?$AA?$AA@ 00000001800103a8     libucrt:lcidtoname_downlevel.obj
 0002:000033b0       ??_C@_15IFJLDHAF@?$AAi?$AAt?$AA?$AA@ 00000001800103b0     libucrt:lcidtoname_downlevel.obj
 0002:000033b8       ??_C@_15GEMIOCAG@?$AAj?$AAa?$AA?$AA@ 00000001800103b8     libucrt:lcidtoname_downlevel.obj
 0002:000033c0       ??_C@_15EPELEGJA@?$AAk?$AAo?$AA?$AA@ 00000001800103c0     libucrt:lcidtoname_downlevel.obj
 0002:000033c8       ??_C@_15NDDHIMN@?$AAn?$AAl?$AA?$AA@ 00000001800103c8     libucrt:lcidtoname_downlevel.obj
 0002:000033d0       ??_C@_15BPIGNHCD@?$AAn?$AAo?$AA?$AA@ 00000001800103d0     libucrt:lcidtoname_downlevel.obj
 0002:000033d8       ??_C@_15DEOPBLCG@?$AAp?$AAl?$AA?$AA@ 00000001800103d8     libucrt:lcidtoname_downlevel.obj
 0002:000033e0       ??_C@_15KBECGEFG@?$AAp?$AAt?$AA?$AA@ 00000001800103e0     libucrt:lcidtoname_downlevel.obj
 0002:000033e8       ??_C@_15GLJCBFMD@?$AAr?$AAo?$AA?$AA@ 00000001800103e8     libucrt:lcidtoname_downlevel.obj
 0002:000033f0       ??_C@_15FEDGKCDI@?$AAr?$AAu?$AA?$AA@ 00000001800103f0     libucrt:lcidtoname_downlevel.obj
 0002:000033f8       ??_C@_15GLKMLLHM@?$AAh?$AAr?$AA?$AA@ 00000001800103f8     libucrt:lcidtoname_downlevel.obj
 0002:00003400       ??_C@_15CPKMFBDB@?$AAs?$AAk?$AA?$AA@ 0000000180010400     libucrt:lcidtoname_downlevel.obj
 0002:00003408       ??_C@_15BAAIOGMK@?$AAs?$AAq?$AA?$AA@ 0000000180010408     libucrt:lcidtoname_downlevel.obj
 0002:00003410       ??_C@_15INNPNOHD@?$AAs?$AAv?$AA?$AA@ 0000000180010410     libucrt:lcidtoname_downlevel.obj
 0002:00003418       ??_C@_15CABMMOGH@?$AAt?$AAh?$AA?$AA@ 0000000180010418     libucrt:lcidtoname_downlevel.obj
 0002:00003420       ??_C@_15BPLIHJJM@?$AAt?$AAr?$AA?$AA@ 0000000180010420     libucrt:lcidtoname_downlevel.obj
 0002:00003428       ??_C@_15NEOEKKDJ@?$AAu?$AAr?$AA?$AA@ 0000000180010428     libucrt:lcidtoname_downlevel.obj
 0002:00003430       ??_C@_15NFICGAJK@?$AAi?$AAd?$AA?$AA@ 0000000180010430     libucrt:lcidtoname_downlevel.obj
 0002:00003438       ??_C@_15HPJPHDM@?$AAb?$AAe?$AA?$AA@ 0000000180010438     libucrt:lcidtoname_downlevel.obj
 0002:00003440       ??_C@_15LCHLGJII@?$AAs?$AAl?$AA?$AA@ 0000000180010440     libucrt:lcidtoname_downlevel.obj
 0002:00003448       ??_C@_15PCFJPHHO@?$AAe?$AAt?$AA?$AA@ 0000000180010448     libucrt:lcidtoname_downlevel.obj
 0002:00003450       ??_C@_15HPFPGODN@?$AAl?$AAv?$AA?$AA@ 0000000180010450     libucrt:lcidtoname_downlevel.obj
 0002:00003458       ??_C@_15NFFGKGLG@?$AAl?$AAt?$AA?$AA@ 0000000180010458     libucrt:lcidtoname_downlevel.obj
 0002:00003460       ??_C@_15BDAKCCHN@?$AAf?$AAa?$AA?$AA@ 0000000180010460     libucrt:lcidtoname_downlevel.obj
 0002:00003468       ??_C@_15NFGIAIAJ@?$AAv?$AAi?$AA?$AA@ 0000000180010468     libucrt:lcidtoname_downlevel.obj
 0002:00003470       ??_C@_15LMKNDMHN@?$AAh?$AAy?$AA?$AA@ 0000000180010470     libucrt:lcidtoname_downlevel.obj
 0002:00003478       ??_C@_15IJBHMCFL@?$AAa?$AAz?$AA?$AA@ 0000000180010478     libucrt:lcidtoname_downlevel.obj
 0002:00003480       ??_C@_15EKOFJABL@?$AAe?$AAu?$AA?$AA@ 0000000180010480     libucrt:lcidtoname_downlevel.obj
 0002:00003488       ??_C@_15BGHADCNK@?$AAm?$AAk?$AA?$AA@ 0000000180010488     libucrt:lcidtoname_downlevel.obj
 0002:00003490       ??_C@_15JDNICKHM@?$AAa?$AAf?$AA?$AA@ 0000000180010490     libucrt:lcidtoname_downlevel.obj
 0002:00003498       ??_C@_15KPJEDBKD@?$AAk?$AAa?$AA?$AA@ 0000000180010498     libucrt:lcidtoname_downlevel.obj
 0002:000034a0       ??_C@_15PDNFFFEO@?$AAf?$AAo?$AA?$AA@ 00000001800104a0     libucrt:lcidtoname_downlevel.obj
[...]
 0004:0000087c       $pdata$?getSystemCP@@YAHH@Z 000000018001987c     libucrt:mbctype.obj
 0004:00000888       $pdata$?setSBCS@@YAXPEAU__crt_multibyte_data@@@Z 0000000180019888     libucrt:mbctype.obj
 0004:00000894       $pdata$?setSBUpLow@@YAXPEAU__crt_multibyte_data@@@Z 0000000180019894     libucrt:mbctype.obj
 0004:000008a0       $pdata$?setmbcp_internal@@YAHH_N@Z 00000001800198a0     libucrt:mbctype.obj
 0004:000008ac       $pdata$__acrt_initialize_multibyte 00000001800198ac     libucrt:mbctype.obj
 0004:000008b8       $pdata$__acrt_update_thread_multibyte_data 00000001800198b8     libucrt:mbctype.obj
 0004:000008c4       $pdata$_setmbcp_nolock     00000001800198c4     libucrt:mbctype.obj
 0004:000008d0       $pdata$?x_ismbbtype_l@@YAHPEAU__crt_locale_pointers@@IHH@Z 00000001800198d0     libucrt:ismbbyte.obj
 0004:000008dc       $pdata$__acrt_initialize_command_line 00000001800198dc     libucrt:argv_data.obj
 0004:000008e8       $pdata$__dcrt_get_narrow_environment_from_os 00000001800198e8     libucrt:get_environment_from_os.obj
 0004:000008f4       $pdata$_recalloc_base      00000001800198f4     libucrt:recalloc.obj
 0004:00000900       $pdata$__acrt_initialize_heap 0000000180019900     libucrt:heap_handle.obj
 0004:0000090c       $pdata$?initialize_inherited_file_handles_nolock@@YAXXZ 000000018001990c     libucrt:ioinit.obj
 0004:00000918       $pdata$?initialize_stdio_handles_nolock@@YAXXZ 0000000180019918     libucrt:ioinit.obj
 0004:00000924       $pdata$__acrt_initialize_lowio 0000000180019924     libucrt:ioinit.obj
 0004:00000930       $pdata$__acrt_uninitialize_lowio 0000000180019930     libucrt:ioinit.obj
 0004:0000093c       $pdata$__acrt_execute_initializers 000000018001993c     libucrt:shared_initialization.obj
 0004:00000948       $pdata$__acrt_execute_uninitializers 0000000180019948     libucrt:shared_initialization.obj
 0004:00000954       $pdata$??$?RV<lambda_c36588078e9f5dfd39652860aa6b3aaf>@@AEAV<lambda_ec61778202f4f5fc7e7711acc23c3bca>@@V<lambda_dc9d2797ccde5d239b4a0efae8ebd7db>@@@?$__crt_seh_guarded_call@P6AXH@Z@@QEAAP6AXH@Z$$QEAV<lambda_c36588078e9f5dfd39652860aa6b3aaf>@@AEAV<lambda_ec61778202f4f5fc7e7711acc23c3bca>@@$$QEAV<lambda_dc9d2797ccde5d239b4a0efae8ebd7db>@@@Z 0000000180019954     libucrt:signal.obj
 0004:00000960       $pdata$__acrt_get_sigabrt_handler 0000000180019960     libucrt:signal.obj
 0004:0000096c       $pdata$raise               000000018001996c     libucrt:signal.obj
 0004:00000978       $pdata$__acrt_invoke_user_matherr 0000000180019978     libucrt:matherr.obj
 0004:00000984       $pdata$_mbtowc_l           0000000180019984     libucrt:mbtowc.obj
 0004:00000990       $pdata$_fileno             0000000180019990     libucrt:fileno.obj
 0004:0000099c       $pdata$__acrt_initialize_stdio 000000018001999c     libucrt:_file.obj
 0004:000009a8       $pdata$__acrt_uninitialize_stdio 00000001800199a8     libucrt:_file.obj
 0004:000009b4       $pdata$__pctype_func       00000001800199b4     libucrt:ctype.obj
 0004:000009c0       $pdata$_isctype_l          00000001800199c0     libucrt:isctype.obj
 0004:000009cc       $pdata$__acrt_free_locale  00000001800199cc     libucrt:locale_refcounting.obj
 0004:000009d8       $pdata$__acrt_locale_free_lc_time_if_unreferenced 00000001800199d8     libucrt:locale_refcounting.obj
 0004:000009e4       $pdata$__acrt_release_locale_ref 00000001800199e4     libucrt:locale_refcounting.obj
 0004:000009f0       $pdata$__acrt_update_thread_locale_data 00000001800199f0     libucrt:locale_refcounting.obj
 0004:000009fc       $pdata$_updatetlocinfoEx_nolock 00000001800199fc     libucrt:locale_refcounting.obj
 0004:00000a08       $pdata$_isleadbyte_l       0000000180019a08     libucrt:_wctype.obj
 0004:00000a14       $pdata$?__acrt_LCMapStringA_stat@@YAHPEAU__crt_locale_pointers@@PEB_WKPEBDHPEADHHH@Z 0000000180019a14     libucrt:lcmapstringa.obj
 0004:00000a20       $pdata$__acrt_LCMapStringA 0000000180019a20     libucrt:lcmapstringa.obj
 0004:00000a2c       $pdata$__acrt_locale_free_monetary 0000000180019a2c     libucrt:initmon.obj
 0004:00000a38       $pdata$__acrt_locale_free_numeric 0000000180019a38     libucrt:initnum.obj
 0004:00000a44       $pdata$?free_crt_array_internal@@YAXQEAPEBX_K@Z 0000000180019a44     libucrt:inittime.obj
 0004:00000a50       $pdata$__acrt_locale_free_time 0000000180019a50     libucrt:inittime.obj
 0004:00000a5c       $pdata$__acrt_GetStringTypeA 0000000180019a5c     libucrt:getstringtypea.obj
 0004:00000a68       $pdata$?GetTableIndexFromLocaleName@@YAHPEB_W@Z 0000000180019a68     libucrt:lcidtoname_downlevel.obj
 0004:00000a74       $pdata$__acrt_DownlevelLocaleNameToLCID 0000000180019a74     libucrt:lcidtoname_downlevel.obj
 0004:00000a80       $pdata$?shortsort@@YAXPEAD0_KP6AHPEBX2@Z@Z 0000000180019a80     libucrt:qsort.obj
 0004:00000a8c       $pdata$2$?shortsort@@YAXPEAD0_KP6AHPEBX2@Z@Z 0000000180019a8c     libucrt:qsort.obj
 0004:00000a98       $pdata$3$?shortsort@@YAXPEAD0_KP6AHPEBX2@Z@Z 0000000180019a98     libucrt:qsort.obj
 0004:00000aa4       $pdata$qsort               0000000180019aa4     libucrt:qsort.obj
 0004:00000ab0       $pdata$4$qsort             0000000180019ab0     libucrt:qsort.obj
 0004:00000abc       $pdata$5$qsort             0000000180019abc     libucrt:qsort.obj
 0004:00000ac8       $pdata$strncpy_s           0000000180019ac8     libucrt:strncpy_s.obj
 0004:00000ad4       $pdata$strpbrk             0000000180019ad4     libucrt:strpbrk.obj
 0004:00000ae0       $pdata$_mbsdec_l           0000000180019ae0     libucrt:mbsdec.obj
 0004:00000aec       $pdata$?initialize_multibyte@@YAHXZ 0000000180019aec     libucrt:multibyte_initializer.obj
 0004:00000af8       $pdata$_msize              0000000180019af8     libucrt:msize.obj
 0004:00000b04       $pdata$_realloc_base       0000000180019b04     libucrt:realloc_base.obj
 0004:00000b10       $pdata$__acrt_lowio_create_handle_array 0000000180019b10     libucrt:osfinfo.obj
 0004:00000b1c       $pdata$__acrt_lowio_destroy_handle_array 0000000180019b1c     libucrt:osfinfo.obj
 0004:00000b28       $pdata$__acrt_lowio_ensure_fh_exists 0000000180019b28     libucrt:osfinfo.obj
 0004:00000b34       $pdata$_free_osfhnd        0000000180019b34     libucrt:osfinfo.obj
 0004:00000b40       $pdata$_get_osfhandle      0000000180019b40     libucrt:osfinfo.obj
 0004:00000b4c       $pdata$_isatty             0000000180019b4c     libucrt:isatty.obj
 0004:00000b58       $pdata$__acrt_stdio_flush_nolock 0000000180019b58     libucrt:fflush.obj
 0004:00000b64       $pdata$_fflush_nolock      0000000180019b64     libucrt:fflush.obj
 0004:00000b70       $pdata$common_flush_all    0000000180019b70     libucrt:fflush.obj
 0004:00000b7c       $pdata$_fcloseall          0000000180019b7c     libucrt:closeall.obj
 0004:00000b88       $pdata$__acrt_stdio_free_buffer_nolock 0000000180019b88     libucrt:_freebuf.obj
 0004:00000b94       $pdata$??$?RV<lambda_b521505b218e5242e90febf6bfebc422>@@AEAV<lambda_6978c1fb23f02e42e1d9e99668cc68aa>@@V<lambda_314360699dd331753a4119843814e9a7>@@@?$__crt_seh_guarded_call@H@@QEAAH$$QEAV<lambda_b521505b218e5242e90febf6bfebc422>@@AEAV<lambda_6978c1fb23f02e42e1d9e99668cc68aa>@@$$QEAV<lambda_314360699dd331753a4119843814e9a7>@@@Z 0000000180019b94     libucrt:commit.obj
 0004:00000ba0       $pdata$_commit             0000000180019ba0     libucrt:commit.obj
 0004:00000bac       $pdata$?write_double_translated_ansi_nolock@@YA?AUwrite_result@?A0x9c548279@@HQEBDI@Z 0000000180019bac     libucrt:write.obj
 0004:00000bb8       $pdata$?write_text_ansi_nolock@@YA?AUwrite_result@?A0x9c548279@@HQEBDI@Z 0000000180019bb8     libucrt:write.obj
 0004:00000bc4       $pdata$?write_text_utf16le_nolock@@YA?AUwrite_result@?A0x9c548279@@HQEBDI@Z 0000000180019bc4     libucrt:write.obj
 0004:00000bd0       $pdata$?write_text_utf8_nolock@@YA?AUwrite_result@?A0x9c548279@@HQEBDI@Z 0000000180019bd0     libucrt:write.obj
 0004:00000bdc       $pdata$_write              0000000180019bdc     libucrt:write.obj
 0004:00000be8       $pdata$_write_nolock       0000000180019be8     libucrt:write.obj
 0004:00000c00       $pdata$??$common_lseek_nolock@_J@@YA_JH_JH@Z 0000000180019c00     libucrt:lseek.obj
 0004:00000c0c       $pdata$_fclose_nolock      0000000180019c0c     libucrt:fclose.obj
 0004:00000c18       $pdata$fclose              0000000180019c18     libucrt:fclose.obj
 0004:00000c24       $pdata$_putwch_nolock      0000000180019c24     libucrt:putwch.obj
 0004:00000c30       $pdata$_call_matherr       0000000180019c30     libucrt:libm_error.obj
 0004:00000c3c       $pdata$_exception_enabled  0000000180019c3c     libucrt:libm_error.obj
 0004:00000c48       $pdata$_handle_error       0000000180019c48     libucrt:libm_error.obj
 0004:00000c54       $pdata$__acrt_initialize_fma3 0000000180019c54     libucrt:fma3_available.obj
 0004:00000c60       $pdata$_log10_special      0000000180019c60     libucrt:log_special.obj
 0004:00000c6c       $pdata$_log_special_common 0000000180019c6c     libucrt:log_special.obj
 0004:00000c78       $pdata$??$?RV<lambda_bfedae4ebbf01fab1bb6dcc6a9e276e0>@@AEAV<lambda_2fe9b910cf3cbf4a0ab98a02ba45b3ec>@@V<lambda_237c231691f317818eb88cc1d5d642d6>@@@?$__crt_seh_guarded_call@H@@QEAAH$$QEAV<lambda_bfedae4ebbf01fab1bb6dcc6a9e276e0>@@AEAV<lambda_2fe9b910cf3cbf4a0ab98a02ba45b3ec>@@$$QEAV<lambda_237c231691f317818eb88cc1d5d642d6>@@@Z 0000000180019c78     libucrt:close.obj
 0004:00000c84       $pdata$_close              0000000180019c84     libucrt:close.obj
 0004:00000c90       $pdata$_close_nolock       0000000180019c90     libucrt:close.obj
 0004:00000c9c       $pdata$__dcrt_lowio_initialize_console_output 0000000180019c9c     libucrt:initcon.obj
 0004:00000ca8       $pdata$__dcrt_terminate_console_output 0000000180019ca8     libucrt:initcon.obj
 0004:00000cc0       $pdata$_raise_exc          0000000180019cc0     libucrt:fpexcept.obj
 0004:00000ccc       $pdata$_raise_exc_ex       0000000180019ccc     libucrt:fpexcept.obj
 0004:00000cd8       $pdata$_set_errno_from_matherr 0000000180019cd8     libucrt:fpexcept.obj
 0004:00000ce4       $pdata$_clrfp              0000000180019ce4     libucrt:fpctrl.obj
 0004:00000cf0       $pdata$_ctrlfp             0000000180019cf0     libucrt:fpctrl.obj
 0004:00000cfc       $pdata$_set_statfp         0000000180019cfc     libucrt:fpctrl.obj
 0004:00000d08       $pdata$_statfp             0000000180019d08     libucrt:fpctrl.obj
 0004:00000d14       $pdata$?DloadAcquireSectionWriteAccess@@YAXXZ 0000000180019d14     DelayImp:delayhlp.obj
 0004:00000d20       $pdata$?DloadGetSRWLockFunctionPointers@@YAEXZ 0000000180019d20     DelayImp:delayhlp.obj
 0004:00000d2c       $pdata$?DloadMakePermanentImageCommit@@YAXPEAX_K@Z 0000000180019d2c     DelayImp:delayhlp.obj
 0004:00000d38       $pdata$?DloadObtainSection@@YAPEAXPEAK0@Z 0000000180019d38     DelayImp:delayhlp.obj
 0004:00000d44       $pdata$?DloadProtectSection@@YAXKPEAK@Z 0000000180019d44     DelayImp:delayhlp.obj
 0004:00000d50       $pdata$?DloadReleaseSectionWriteAccess@@YAXXZ 0000000180019d50     DelayImp:delayhlp.obj
 0004:00000d5c       $pdata$__delayLoadHelper2  0000000180019d5c     DelayImp:delayhlp.obj
 0004:00000d68       $pdata$_IsNonwritableInCurrentImage 0000000180019d68     LIBCMT:pesect.obj
 0004:00000d74       $pdata$__GSHandlerCheck    0000000180019d74     LIBCMT:_gshandler_.obj
 0004:00000d80       $pdata$__GSHandlerCheckCommon 0000000180019d80     LIBCMT:_gshandler_.obj
 0004:00000db0       $pdata$?fin$0@?0??dllmain_crt_process_attach@@YAHQEAUHINSTANCE__@@QEAX@Z@4HA 0000000180019db0     LIBCMT:dll_dllmain.obj
 0004:00000dbc       $pdata$?fin$0@?0??dllmain_crt_process_detach@@YAH_N@Z@4HA 0000000180019dbc     LIBCMT:dll_dllmain.obj
 0004:00000dc8       $pdata$?filt$0@?0??dllmain_dispatch@@YAHQEAUHINSTANCE__@@KQEAX@Z@4HA 0000000180019dc8     LIBCMT:dll_dllmain.obj
 0004:00000dd4       $pdata$__scrt_is_nonwritable_in_current_image$filt$0 0000000180019dd4     LIBCMT:utility.obj
 0004:00000de0       $pdata$_query_new_handler$fin$0 0000000180019de0     libucrt:new_handler.obj
 0004:00000dec       $pdata$?filt$0@?0??common_exit@@YAXHW4_crt_exit_cleanup_mode@@W4_crt_exit_return_mode@@@Z@4HA 0000000180019dec     libucrt:exit.obj
 0004:00000df8       $pdata$?fin$1@?0??common_exit@@YAXHW4_crt_exit_cleanup_mode@@W4_crt_exit_return_mode@@@Z@4HA 0000000180019df8     libucrt:exit.obj
 0004:00000e04       $pdata$?fin$0@?0???$?RV<lambda_e24bbb7b643b32fcea6fa61b31d4c984>@@AEAV<lambda_275893d493268fdec8709772e3fcec0e>@@V<lambda_9d71df4d7cf3f480f8d633942495c3b0>@@@?$__crt_seh_guarded_call@H@@QEAAH$$QEAV<lambda_e24bbb7b643b32fcea6fa61b31d4c984>@@AEAV<lambda_275893d493268fdec8709772e3fcec0e>@@$$QEAV<lambda_9d71df4d7cf3f480f8d633942495c3b0>@@@Z@4HA 0000000180019e04     libucrt:onexit.obj
 0004:00000e10       $pdata$?fin$0@?0???$?RV<lambda_c36588078e9f5dfd39652860aa6b3aaf>@@AEAV<lambda_ec61778202f4f5fc7e7711acc23c3bca>@@V<lambda_dc9d2797ccde5d239b4a0efae8ebd7db>@@@?$__crt_seh_guarded_call@P6AXH@Z@@QEAAP6AXH@Z$$QEAV<lambda_c36588078e9f5dfd39652860aa6b3aaf>@@AEAV<lambda_ec61778202f4f5fc7e7711acc23c3bca>@@$$QEAV<lambda_dc9d2797ccde5d239b4a0efae8ebd7db>@@@Z@4HA 0000000180019e10     libucrt:signal.obj
 0004:00000e10       $pdata$?fin$0@?0???$?RV<lambda_5e887d1dcbef67a5eb4283622ba103bf>@@AEAV<lambda_4466841279450cc726390878d4a41900>@@V<lambda_341c25c0346d94847f1f3c463c57e077>@@@?$__crt_seh_guarded_call@X@@QEAAX$$QEAV<lambda_5e887d1dcbef67a5eb4283622ba103bf>@@AEAV<lambda_4466841279450cc726390878d4a41900>@@$$QEAV<lambda_341c25c0346d94847f1f3c463c57e077>@@@Z@4HA 0000000180019e10     libucrt:per_thread_data.obj
 0004:00000e10       $pdata$?fin$0@?0???$?RV<lambda_99476a1ad63dd22509b5d3e65b0ffc95>@@AEAV<lambda_ad1ced32f4ac17aa236e5ef05d6b3b7c>@@V<lambda_f7424dd8d45958661754dc4f2697e9c3>@@@?$__crt_seh_guarded_call@X@@QEAAX$$QEAV<lambda_99476a1ad63dd22509b5d3e65b0ffc95>@@AEAV<lambda_ad1ced32f4ac17aa236e5ef05d6b3b7c>@@$$QEAV<lambda_f7424dd8d45958661754dc4f2697e9c3>@@@Z@4HA 0000000180019e10     libucrt:mbctype.obj
 0004:00000e10       $pdata$?fin$0@?0???$?RV<lambda_46352004c1216016012b18bd6f87e700>@@AEAV<lambda_3bd07e1a1191394380780325891bf33f>@@V<lambda_334532d3f185bcaa59b5be82d7d22bff>@@@?$__crt_seh_guarded_call@X@@QEAAX$$QEAV<lambda_46352004c1216016012b18bd6f87e700>@@AEAV<lambda_3bd07e1a1191394380780325891bf33f>@@$$QEAV<lambda_334532d3f185bcaa59b5be82d7d22bff>@@@Z@4HA 0000000180019e10     libucrt:per_thread_data.obj
 0004:00000e10       $pdata$?fin$0@?0???$?RV<lambda_fb3a7dec4e47f37f22dae91bb15c9095>@@AEAV<lambda_698284760c8add0bfb0756c19673e34b>@@V<lambda_dfb8eca1e75fef3034a8fb18dd509707>@@@?$__crt_seh_guarded_call@X@@QEAAX$$QEAV<lambda_fb3a7dec4e47f37f22dae91bb15c9095>@@AEAV<lambda_698284760c8add0bfb0756c19673e34b>@@$$QEAV<lambda_dfb8eca1e75fef3034a8fb18dd509707>@@@Z@4HA 0000000180019e10     libucrt:per_thread_data.obj
 0004:00000e10       $pdata$?fin$0@?0???$?RV<lambda_b8c45f8f788dd370798f47cfe8ac3a86>@@AEAV<lambda_4e60a939b0d047cfe11ddc22648dfba9>@@V<lambda_332c3edc96d0294ec56c57d38c1cdfd5>@@@?$__crt_seh_guarded_call@H@@QEAAH$$QEAV<lambda_b8c45f8f788dd370798f47cfe8ac3a86>@@AEAV<lambda_4e60a939b0d047cfe11ddc22648dfba9>@@$$QEAV<lambda_332c3edc96d0294ec56c57d38c1cdfd5>@@@Z@4HA 0000000180019e10     libucrt:onexit.obj
 0004:00000e10       $pdata$?fin$0@?0???$?RV<lambda_72d1df2b273a38828b1ce30cbf4cdab5>@@AEAV<lambda_876a65b173b8412d3a47c70a915b0cf4>@@V<lambda_41932305e351933ebe8f8be3ed8bb5dc>@@@?$__crt_seh_guarded_call@X@@QEAAX$$QEAV<lambda_72d1df2b273a38828b1ce30cbf4cdab5>@@AEAV<lambda_876a65b173b8412d3a47c70a915b0cf4>@@$$QEAV<lambda_41932305e351933ebe8f8be3ed8bb5dc>@@@Z@4HA 0000000180019e10     libucrt:per_thread_data.obj
 0004:00000e1c       $pdata$__acrt_update_thread_multibyte_data$fin$0 0000000180019e1c     libucrt:mbctype.obj
 0004:00000e28       $pdata$__acrt_lowio_ensure_fh_exists$fin$0 0000000180019e28     libucrt:osfinfo.obj
 0004:00000e28       $pdata$__acrt_initialize_lowio$fin$0 0000000180019e28     libucrt:ioinit.obj
 0004:00000e34       $pdata$raise$fin$0         0000000180019e34     libucrt:signal.obj
 0004:00000e40       $pdata$__acrt_update_thread_locale_data$fin$0 0000000180019e40     libucrt:locale_refcounting.obj
 0004:00000e40       $pdata$__acrt_uninitialize_locale$fin$0 0000000180019e40     libucrt:wsetlocale.obj
 0004:00000e4c       $pdata$common_flush_all$fin$0 0000000180019e4c     libucrt:fflush.obj
 0004:00000e58       $pdata$common_flush_all$fin$1 0000000180019e58     libucrt:fflush.obj
 0004:00000e64       $pdata$_fcloseall$fin$0    0000000180019e64     libucrt:closeall.obj
 0004:00000e70       $pdata$?fin$0@?0???$?RV<lambda_b521505b218e5242e90febf6bfebc422>@@AEAV<lambda_6978c1fb23f02e42e1d9e99668cc68aa>@@V<lambda_314360699dd331753a4119843814e9a7>@@@?$__crt_seh_guarded_call@H@@QEAAH$$QEAV<lambda_b521505b218e5242e90febf6bfebc422>@@AEAV<lambda_6978c1fb23f02e42e1d9e99668cc68aa>@@$$QEAV<lambda_314360699dd331753a4119843814e9a7>@@@Z@4HA 0000000180019e70     libucrt:commit.obj
 0004:00000e70       $pdata$?fin$0@?0???$?RV<lambda_bfedae4ebbf01fab1bb6dcc6a9e276e0>@@AEAV<lambda_2fe9b910cf3cbf4a0ab98a02ba45b3ec>@@V<lambda_237c231691f317818eb88cc1d5d642d6>@@@?$__crt_seh_guarded_call@H@@QEAAH$$QEAV<lambda_bfedae4ebbf01fab1bb6dcc6a9e276e0>@@AEAV<lambda_2fe9b910cf3cbf4a0ab98a02ba45b3ec>@@$$QEAV<lambda_237c231691f317818eb88cc1d5d642d6>@@@Z@4HA 0000000180019e70     libucrt:close.obj
 0004:00000e7c       $pdata$_write$fin$0        0000000180019e7c     libucrt:write.obj
 0004:00000e88       $pdata$fclose$fin$0        0000000180019e88     libucrt:fclose.obj
 0004:00000e94       $pdata$_ctrlfp$filt$0      0000000180019e94     libucrt:fpctrl.obj
 0004:00000ea0       $pdata$_IsNonwritableInCurrentImage$filt$0 0000000180019ea0     LIBCMT:pesect.obj
 0005:00000000       __guard_fids__             000000018001a000     libucrt:initialization.obj
 0005:00000060       __guard_fids___acrt_initialize_ptd 000000018001a060     libucrt:per_thread_data.obj
 0005:00000064       __guard_fids_??$expand_argument_wildcards@D@@YAHQEAD0AEAV?$argument_list@D@?A0xca0879c4@@@Z 000000018001a064     libucrt:argv_wildcards.obj
 0005:00000068       __guard_fids__             000000018001a068     libucrt:locale_initializer.obj
 0005:0000006c       __guard_fids__             000000018001a06c     libucrt:multibyte_initializer.obj
 0005:00000070       __guard_fids__             000000018001a070     libucrt:stdio_initializer.obj
 0005:00000074       __guard_fids__             000000018001a074     libucrt:stdio_initializer.obj
 0005:00000078       __guard_fids__             000000018001a078     libucrt:fma3_initializer.obj
 0005:0000007c       __guard_fids__             000000018001a07c     libucrt:console_output_initializer.obj
 0005:00000080       __guard_fids__             000000018001a080     libcpmt:xthrow.obj
 0005:00000088       __guard_fids__             000000018001a088     libcpmt:xthrow.obj
 0005:00000090       __guard_fids__             000000018001a090     libcpmt:xthrow.obj
 0005:00000098       __guard_fids__             000000018001a098     libcpmt:xthrow.obj
 0005:000000a0       __guard_fids__             000000018001a0a0     libcpmt:xthrow.obj
 0005:000000a8       __guard_fids_?dllmain_crt_process_attach@@YAHQEAUHINSTANCE__@@QEAX@Z 000000018001a0a8     LIBCMT:dll_dllmain.obj
 0005:000000b0       __guard_fids_?dllmain_dispatch@@YAHQEAUHINSTANCE__@@KQEAX@Z 000000018001a0b0     LIBCMT:dll_dllmain.obj
 0005:000000b4       __guard_fids__             000000018001a0b4     LIBCMT:std_type_info_static.obj
 0005:000000b8       __guard_fids__             000000018001a0b8     LIBCMT:throw_bad_alloc.obj
 0005:000000c0       __guard_fids__             000000018001a0c0     LIBCMT:guard_support.obj
 0005:000000c4       __guard_fids___vcrt_initialize_ptd 000000018001a0c4     libvcruntime:per_thread_data.obj
 0006:00000060       $R000000                   000000018001b060     * linker generated manifest res *

 Exports

  ordinal    name

        1    _register_tsbindings_
